"../../../Engine/Plugins/Interchange/Runtime/Content/Pipelines/DefaultTexturePipeline.uasset" 0
"../../../Engine/Plugins/Interchange/Runtime/Content/Pipelines/DefaultTexturePipeline.uexp" 1
"../../../Engine/Plugins/Interchange/Runtime/Content/Pipelines/DefaultSceneLevelPipeline.uasset" 2
"../../../Engine/Plugins/Interchange/Runtime/Content/Pipelines/DefaultSceneLevelPipeline.uexp" 3
"../../../Engine/Plugins/Interchange/Runtime/Content/Pipelines/DefaultSceneAssetsPipeline.uasset" 4
"../../../Engine/Plugins/Interchange/Runtime/Content/Pipelines/DefaultSceneAssetsPipeline.uexp" 5
"../../../Engine/Plugins/Interchange/Runtime/Content/Pipelines/DefaultMaterialXPipeline.uasset" 6
"../../../Engine/Plugins/Interchange/Runtime/Content/Pipelines/DefaultMaterialXPipeline.uexp" 7
"../../../Engine/Plugins/Interchange/Runtime/Content/Pipelines/DefaultMaterialPipeline.uasset" 8
"../../../Engine/Plugins/Interchange/Runtime/Content/Pipelines/DefaultMaterialPipeline.uexp" 9
"../../../Engine/Plugins/Interchange/Runtime/Content/Pipelines/DefaultGLTFSceneAssetsPipeline.uasset" 10
"../../../Engine/Plugins/Interchange/Runtime/Content/Pipelines/DefaultGLTFSceneAssetsPipeline.uexp" 11
"../../../Engine/Plugins/Interchange/Runtime/Content/Pipelines/DefaultGLTFPipeline.uasset" 12
"../../../Engine/Plugins/Interchange/Runtime/Content/Pipelines/DefaultGLTFPipeline.uexp" 13
"../../../Engine/Plugins/Interchange/Runtime/Content/Pipelines/DefaultGLTFAssetsPipeline.uasset" 14
"../../../Engine/Plugins/Interchange/Runtime/Content/Pipelines/DefaultGLTFAssetsPipeline.uexp" 15
"../../../Engine/Plugins/Interchange/Runtime/Content/Pipelines/DefaultAssetsPipeline.uasset" 16
"../../../Engine/Plugins/Interchange/Runtime/Content/Pipelines/DefaultAssetsPipeline.uexp" 17
"../../../Engine/Plugins/Animation/ControlRig/Content/Controls/DefaultGizmoLibraryNormalized.uasset" 18
"../../../Engine/Plugins/Animation/ControlRig/Content/Controls/DefaultGizmoLibraryNormalized.uexp" 19
"../../../Engine/Plugins/2D/Paper2D/Content/PlaceholderTextures/DummySpriteTexture.ubulk" 20
"../../../Engine/Plugins/2D/Paper2D/Content/PlaceholderTextures/DummySpriteTexture.uasset" 21
"../../../Engine/Plugins/2D/Paper2D/Content/PlaceholderTextures/DummySpriteTexture.uexp" 22
"../../../Engine/Plugins/2D/Paper2D/Content/DummySprite.uasset" 23
"../../../Engine/Plugins/2D/Paper2D/Content/DummySprite.uexp" 24
"../../../Engine/Plugins/2D/Paper2D/Content/DefaultPaperTerrainMaterial.uasset" 25
"../../../Engine/Plugins/2D/Paper2D/Content/DefaultPaperTerrainMaterial.uexp" 26
"../../../Engine/Content/MobileResources/HUD/VirtualJoystick_Background.uasset" 27
"../../../Engine/Content/MobileResources/HUD/VirtualJoystick_Background.uexp" 28
"../../../Engine/Content/MobileResources/HUD/VirtualJoystick_Thumb.uasset" 29
"../../../Engine/Content/MobileResources/HUD/VirtualJoystick_Thumb.uexp" 30
"../../../Engine/Content/MobileResources/HUD/DefaultVirtualJoysticks.uasset" 31
"../../../Engine/Content/MobileResources/HUD/DefaultVirtualJoysticks.uexp" 32
"../../../Engine/Content/EngineSounds/Master.uasset" 33
"../../../Engine/Content/EngineSounds/Master.uexp" 34
"../../../Engine/Content/EngineMaterials/DefaultPhysicalMaterial.uasset" 35
"../../../Engine/Content/EngineMaterials/DefaultPhysicalMaterial.uexp" 36
"../../../Engine/Content/EngineMaterials/DefaultDestructiblePhysicalMaterial.uasset" 37
"../../../Engine/Content/EngineMaterials/DefaultDestructiblePhysicalMaterial.uexp" 38
"../../../Engine/Content/EngineFonts/Faces/RobotoLight.uexp" 39
"../../../Engine/Content/EngineFonts/Faces/RobotoLight.uasset" 40
"../../../Engine/Content/EngineFonts/Faces/RobotoLight.ufont" 41
"../../../Engine/Content/EngineFonts/Faces/RobotoBold.uexp" 42
"../../../Engine/Content/EngineFonts/Faces/RobotoBold.uasset" 43
"../../../Engine/Content/EngineFonts/Faces/RobotoBold.ufont" 44
"../../../Engine/Content/EngineFonts/Faces/RobotoRegular.uexp" 45
"../../../Engine/Content/EngineFonts/Faces/RobotoRegular.uasset" 46
"../../../Engine/Content/EngineFonts/Faces/RobotoRegular.ufont" 47
"../../../Engine/Content/EngineFonts/Faces/DroidSansFallback.uexp" 48
"../../../Engine/Content/EngineFonts/Faces/DroidSansFallback.uasset" 49
"../../../Engine/Content/EngineFonts/Faces/DroidSansFallback.ufont" 50
"../../../Engine/Content/EngineFonts/Faces/RobotoItalic.uexp" 51
"../../../Engine/Content/EngineFonts/Faces/RobotoItalic.uasset" 52
"../../../Engine/Content/EngineFonts/Faces/RobotoItalic.ufont" 53
"../../../Engine/Content/EngineFonts/Faces/RobotoBoldItalic.uexp" 54
"../../../Engine/Content/EngineFonts/Faces/RobotoBoldItalic.uasset" 55
"../../../Engine/Content/EngineFonts/Faces/RobotoBoldItalic.ufont" 56
"../../../Engine/Content/EngineFonts/Roboto.uasset" 57
"../../../Engine/Content/EngineFonts/Roboto.uexp" 58
"../../../Engine/Content/Animation/DefaultRecorderBoneCompression.uasset" 59
"../../../Engine/Content/Animation/DefaultRecorderBoneCompression.uexp" 60
"../../../Engine/Content/EditorResources/S_Actor.ubulk" 61
"../../../Engine/Content/EditorResources/S_Actor.uasset" 62
"../../../Engine/Content/EditorResources/S_Actor.uexp" 63
"../../../Engine/Content/EditorResources/S_BoxReflectionCapture.uasset" 64
"../../../Engine/Content/EditorResources/S_BoxReflectionCapture.uexp" 65
"../../../Engine/Plugins/Runtime/AudioWidgets/Content/Resources/ScrubHandleDown_Clamped.uasset" 66
"../../../Engine/Plugins/Runtime/AudioWidgets/Content/Resources/ScrubHandleDown_Clamped.uexp" 67
"../../../Engine/Content/EngineResources/GradientTexture0.uasset" 68
"../../../Engine/Content/EngineResources/GradientTexture0.uexp" 69
"../../../Engine/Content/EngineResources/DefaultTexture.ubulk" 70
"../../../Engine/Content/EngineResources/DefaultTexture.uasset" 71
"../../../Engine/Content/EngineResources/DefaultTexture.uexp" 72
"../../../Engine/Content/EngineResources/Black.uasset" 73
"../../../Engine/Content/EngineResources/Black.uexp" 74
"../../../Engine/Content/EngineResources/FilmGrains/Marcie_Grain_v3_128_M2_000.uasset" 75
"../../../Engine/Content/EngineResources/FilmGrains/Marcie_Grain_v3_128_M2_000.uexp" 76
"../../../Engine/Content/EngineMaterials/PreintegratedSkinBRDF.uasset" 77
"../../../Engine/Content/EngineMaterials/PreintegratedSkinBRDF.uexp" 78
"../../../Engine/Content/EngineMaterials/MiniFont.uasset" 79
"../../../Engine/Content/EngineMaterials/MiniFont.uexp" 80
"../../../Engine/Content/EngineMaterials/FastBlueNoise_vec2_128x128x64.uasset" 81
"../../../Engine/Content/EngineMaterials/FastBlueNoise_vec2_128x128x64.uexp" 82
"../../../Engine/Content/EngineMaterials/FastBlueNoise_scalar_128x128x64.uasset" 83
"../../../Engine/Content/EngineMaterials/FastBlueNoise_scalar_128x128x64.uexp" 84
"../../../Engine/Content/EngineMaterials/DefaultWhiteGrid.ubulk" 85
"../../../Engine/Content/EngineMaterials/DefaultWhiteGrid.uasset" 86
"../../../Engine/Content/EngineMaterials/DefaultWhiteGrid.uexp" 87
"../../../Engine/Content/EngineMaterials/DefaultBokeh.uasset" 88
"../../../Engine/Content/EngineMaterials/DefaultBokeh.uexp" 89
"../../../Engine/Content/EngineMaterials/DefaultBloomKernel.uasset" 90
"../../../Engine/Content/EngineMaterials/DefaultBloomKernel.uexp" 91
"../../../Engine/Content/EngineMaterials/LTC/Sheen_LTC.uasset" 92
"../../../Engine/Content/EngineMaterials/LTC/Sheen_LTC.uexp" 93
"../../../Engine/Content/EngineMaterials/LTC/GGX_LTCMat.uasset" 94
"../../../Engine/Content/EngineMaterials/LTC/GGX_LTCMat.uexp" 95
"../../../Engine/Content/EngineMaterials/LTC/GGX_LTCAmp.uasset" 96
"../../../Engine/Content/EngineMaterials/LTC/GGX_LTCAmp.uexp" 97
"../../../Engine/Content/EngineMaterials/EnergyConservation/Sheen_Energy.uasset" 98
"../../../Engine/Content/EngineMaterials/EnergyConservation/Sheen_Energy.uexp" 99
"../../../Engine/Content/EngineMaterials/EnergyConservation/SheenLegacy_Energy.uasset" 100
"../../../Engine/Content/EngineMaterials/EnergyConservation/SheenLegacy_Energy.uexp" 101
"../../../Engine/Content/EngineMaterials/EnergyConservation/GGX_TransmissionEnergyArray.uasset" 102
"../../../Engine/Content/EngineMaterials/EnergyConservation/GGX_TransmissionEnergyArray.uexp" 103
"../../../Engine/Content/EngineMaterials/EnergyConservation/GGX_ReflectionEnergy.uasset" 104
"../../../Engine/Content/EngineMaterials/EnergyConservation/GGX_ReflectionEnergy.uexp" 105
"../../../Engine/Content/EngineMaterials/EnergyConservation/Diffuse_Energy.uasset" 106
"../../../Engine/Content/EngineMaterials/EnergyConservation/Diffuse_Energy.uexp" 107
"../../../Engine/Content/EngineDamageTypes/DmgTypeBP_Environmental.uasset" 108
"../../../Engine/Content/EngineDamageTypes/DmgTypeBP_Environmental.uexp" 109
"../../../Engine/Content/EditorResources/S_TriggerSphere.uasset" 110
"../../../Engine/Content/EditorResources/S_TriggerSphere.uexp" 111
"../../../Engine/Content/EditorResources/S_TriggerCapsule.uasset" 112
"../../../Engine/Content/EditorResources/S_TriggerCapsule.uexp" 113
"../../../Engine/Content/EditorResources/S_TriggerBox.uasset" 114
"../../../Engine/Content/EditorResources/S_TriggerBox.uexp" 115
"../../../Engine/Content/EditorResources/S_Trigger.ubulk" 116
"../../../Engine/Content/EditorResources/S_Trigger.uasset" 117
"../../../Engine/Content/EditorResources/S_Trigger.uexp" 118
"../../../Engine/Content/EditorResources/S_Terrain.ubulk" 119
"../../../Engine/Content/EditorResources/S_Terrain.uasset" 120
"../../../Engine/Content/EditorResources/S_Terrain.uexp" 121
"../../../Engine/Content/EditorResources/S_Solver.ubulk" 122
"../../../Engine/Content/EditorResources/S_Solver.uasset" 123
"../../../Engine/Content/EditorResources/S_Solver.uexp" 124
"../../../Engine/Content/EditorResources/EmptyActor.uasset" 125
"../../../Engine/Content/EditorResources/EmptyActor.uexp" 126
"../../../Engine/Content/EditorResources/BSPVertex.uasset" 127
"../../../Engine/Content/EditorResources/BSPVertex.uexp" 128
"../../../Engine/Content/EditorResources/SequenceRecorder/RecordingIndicator.uasset" 129
"../../../Engine/Content/EditorResources/SequenceRecorder/RecordingIndicator.uexp" 130
"../../../Engine/Content/EditorResources/SequenceRecorder/Countdown.uasset" 131
"../../../Engine/Content/EditorResources/SequenceRecorder/Countdown.uexp" 132
"../../../Engine/Content/EditorMaterials/ParticleSystems/PSysThumbnail_OOD.ubulk" 133
"../../../Engine/Content/EditorMaterials/ParticleSystems/PSysThumbnail_OOD.uasset" 134
"../../../Engine/Content/EditorMaterials/ParticleSystems/PSysThumbnail_OOD.uexp" 135
"../../../Engine/Content/EditorMaterials/ParticleSystems/PSysThumbnail_NoImage.ubulk" 136
"../../../Engine/Content/EditorMaterials/ParticleSystems/PSysThumbnail_NoImage.uasset" 137
"../../../Engine/Content/EditorMaterials/ParticleSystems/PSysThumbnail_NoImage.uexp" 138
"../../../Engine/Content/EditorLandscapeResources/DefaultAlphaTexture.uasset" 139
"../../../Engine/Content/EditorLandscapeResources/DefaultAlphaTexture.uexp" 140
"../../../Engine/Content/EngineResources/DefaultTextureCube.uasset" 141
"../../../Engine/Content/EngineResources/DefaultTextureCube.uexp" 142
"../../../Engine/Content/EngineMaterials/Substrate/Volume/SubstrateSimpleVolumeEnvLUT3D.uasset" 143
"../../../Engine/Content/EngineMaterials/Substrate/Volume/SubstrateSimpleVolumeEnvLUT3D.uexp" 144
"../../../Engine/Content/EngineMaterials/Substrate/Volume/SubstrateSimpleVolumeLUT3D.uasset" 145
"../../../Engine/Content/EngineMaterials/Substrate/Volume/SubstrateSimpleVolumeLUT3D.uexp" 146
"../../../Engine/Content/EngineResources/DefaultVolumeTexture2D.uasset" 147
"../../../Engine/Content/EngineResources/DefaultVolumeTexture2D.uexp" 148
"../../../Engine/Content/EngineResources/DefaultVolumeTexture.uasset" 149
"../../../Engine/Content/EngineResources/DefaultVolumeTexture.uexp" 150
"../../../Engine/Plugins/Interchange/Assets/Content/Functions/MX_AbsorptionVDF.uasset" 151
"../../../Engine/Plugins/Interchange/Assets/Content/Functions/MX_AbsorptionVDF.uexp" 152
"../../../Engine/Plugins/Interchange/Assets/Content/Functions/MX_AnisotropicVDF.uasset" 153
"../../../Engine/Plugins/Interchange/Assets/Content/Functions/MX_AnisotropicVDF.uexp" 154
"../../../Engine/Plugins/Interchange/Assets/Content/Functions/MX_BurleyDiffuseBSDF.uasset" 155
"../../../Engine/Plugins/Interchange/Assets/Content/Functions/MX_BurleyDiffuseBSDF.uexp" 156
"../../../Engine/Plugins/Interchange/Assets/Content/Functions/MX_ConductorBSDF.uasset" 157
"../../../Engine/Plugins/Interchange/Assets/Content/Functions/MX_ConductorBSDF.uexp" 158
"../../../Engine/Plugins/Interchange/Assets/Content/Functions/MX_ConicalEDF.uasset" 159
"../../../Engine/Plugins/Interchange/Assets/Content/Functions/MX_ConicalEDF.uexp" 160
"../../../Engine/Plugins/Interchange/Assets/Content/Functions/MX_DielectricBSDF.uasset" 161
"../../../Engine/Plugins/Interchange/Assets/Content/Functions/MX_DielectricBSDF.uexp" 162
"../../../Engine/Plugins/Interchange/Assets/Content/Functions/MX_GeneralizedSchlickBSDF.uasset" 163
"../../../Engine/Plugins/Interchange/Assets/Content/Functions/MX_GeneralizedSchlickBSDF.uexp" 164
"../../../Engine/Plugins/Interchange/Assets/Content/Functions/MX_MeasuredEDF.uasset" 165
"../../../Engine/Plugins/Interchange/Assets/Content/Functions/MX_MeasuredEDF.uexp" 166
"../../../Engine/Plugins/Interchange/Assets/Content/Utilities/New_LUT.uasset" 167
"../../../Engine/Plugins/Interchange/Assets/Content/Utilities/New_LUT.uexp" 168
"../../../Engine/Content/Functions/Engine_MaterialFunctions03/Math/RemapValueRange.uasset" 169
"../../../Engine/Content/Functions/Engine_MaterialFunctions03/Math/RemapValueRange.uexp" 170
"../../../Engine/Plugins/Interchange/Assets/Content/Functions/MF_Iridescence.uasset" 171
"../../../Engine/Plugins/Interchange/Assets/Content/Functions/MF_Iridescence.uexp" 172
"../../../Engine/Plugins/Interchange/Assets/Content/Functions/MX_StandardSurface.uasset" 173
"../../../Engine/Plugins/Interchange/Assets/Content/Functions/MX_StandardSurface.uexp" 174
"../../../Engine/Plugins/Interchange/Assets/Content/Functions/MX_OpenPBR_Opaque.uasset" 175
"../../../Engine/Plugins/Interchange/Assets/Content/Functions/MX_OpenPBR_Opaque.uexp" 176
"../../../Engine/Plugins/Interchange/Assets/Content/Functions/MX_TransmissionSurface.uasset" 177
"../../../Engine/Plugins/Interchange/Assets/Content/Functions/MX_TransmissionSurface.uexp" 178
"../../../Engine/Plugins/Interchange/Assets/Content/Functions/MX_OpenPBR_Translucent.uasset" 179
"../../../Engine/Plugins/Interchange/Assets/Content/Functions/MX_OpenPBR_Translucent.uexp" 180
"../../../Engine/Plugins/Interchange/Assets/Content/Functions/MX_OrenNayarBSDF.uasset" 181
"../../../Engine/Plugins/Interchange/Assets/Content/Functions/MX_OrenNayarBSDF.uexp" 182
"../../../Engine/Plugins/Interchange/Assets/Content/Functions/MX_SheenBSDF.uasset" 183
"../../../Engine/Plugins/Interchange/Assets/Content/Functions/MX_SheenBSDF.uexp" 184
"../../../Engine/Plugins/Interchange/Assets/Content/Functions/MX_SubsurfaceBSDF.uasset" 185
"../../../Engine/Plugins/Interchange/Assets/Content/Functions/MX_SubsurfaceBSDF.uexp" 186
"../../../Engine/Plugins/Interchange/Assets/Content/Functions/MX_Surface.uasset" 187
"../../../Engine/Plugins/Interchange/Assets/Content/Functions/MX_Surface.uexp" 188
"../../../Engine/Plugins/Interchange/Assets/Content/Functions/MX_SurfaceUnlit.uasset" 189
"../../../Engine/Plugins/Interchange/Assets/Content/Functions/MX_SurfaceUnlit.uexp" 190
"../../../Engine/Plugins/Interchange/Assets/Content/Functions/MX_ThinFilmBSDF.uasset" 191
"../../../Engine/Plugins/Interchange/Assets/Content/Functions/MX_ThinFilmBSDF.uexp" 192
"../../../Engine/Plugins/Interchange/Assets/Content/Functions/MX_TranslucentBSDF.uasset" 193
"../../../Engine/Plugins/Interchange/Assets/Content/Functions/MX_TranslucentBSDF.uexp" 194
"../../../Engine/Plugins/Interchange/Assets/Content/Functions/MX_UniformEDF.uasset" 195
"../../../Engine/Plugins/Interchange/Assets/Content/Functions/MX_UniformEDF.uexp" 196
"../../../Engine/Plugins/Interchange/Assets/Content/Functions/MX_UsdPreviewSurface.uasset" 197
"../../../Engine/Plugins/Interchange/Assets/Content/Functions/MX_UsdPreviewSurface.uexp" 198
"../../../Engine/Content/Functions/Engine_MaterialFunctions01/Shading/PowerToRoughness.uasset" 199
"../../../Engine/Content/Functions/Engine_MaterialFunctions01/Shading/PowerToRoughness.uexp" 200
"../../../Engine/Content/Functions/Engine_MaterialFunctions01/Shading/ConvertFromDiffSpec.uasset" 201
"../../../Engine/Content/Functions/Engine_MaterialFunctions01/Shading/ConvertFromDiffSpec.uexp" 202
"../../../Engine/Content/EngineMaterials/RemoveSurfaceMaterial.uasset" 203
"../../../Engine/Content/EngineMaterials/RemoveSurfaceMaterial.uexp" 204
"../../../Engine/Content/EngineMaterials/DefaultCalibrationGrayscale.uasset" 205
"../../../Engine/Content/EngineMaterials/DefaultCalibrationGrayscale.uexp" 206
"../../../Engine/Content/EngineMaterials/PPM_DefaultCalibrationGrayscale.uasset" 207
"../../../Engine/Content/EngineMaterials/PPM_DefaultCalibrationGrayscale.uexp" 208
"../../../Engine/Content/EngineMaterials/DefaultCalibrationColor.uasset" 209
"../../../Engine/Content/EngineMaterials/DefaultCalibrationColor.uexp" 210
"../../../Engine/Content/EngineMaterials/PPM_DefaultCalibrationColor.uasset" 211
"../../../Engine/Content/EngineMaterials/PPM_DefaultCalibrationColor.uexp" 212
"../../../Engine/Content/Functions/Engine_MaterialFunctions02/WorldPositionOffset/CameraOffset.uasset" 213
"../../../Engine/Content/Functions/Engine_MaterialFunctions02/WorldPositionOffset/CameraOffset.uexp" 214
"../../../Engine/Content/EngineMaterials/PhAT_JointLimitMaterial.uasset" 215
"../../../Engine/Content/EngineMaterials/PhAT_JointLimitMaterial.uexp" 216
"../../../Engine/Content/EngineMaterials/NaniteHiddenSectionMaterial.uasset" 217
"../../../Engine/Content/EngineMaterials/NaniteHiddenSectionMaterial.uexp" 218
"../../../Engine/Content/EngineMaterials/InvalidLightmapSettings.ubulk" 219
"../../../Engine/Content/EngineMaterials/InvalidLightmapSettings.uasset" 220
"../../../Engine/Content/EngineMaterials/InvalidLightmapSettings.uexp" 221
"../../../Engine/Content/EngineMaterials/M_InvalidLightmapSettings.uasset" 222
"../../../Engine/Content/EngineMaterials/M_InvalidLightmapSettings.uexp" 223
"../../../Engine/Content/EngineMaterials/GizmoMaterial.uasset" 224
"../../../Engine/Content/EngineMaterials/GizmoMaterial.uexp" 225
"../../../Engine/Content/EngineMaterials/BaseFlattenEmissiveMap_VT.uasset" 226
"../../../Engine/Content/EngineMaterials/BaseFlattenEmissiveMap_VT.uexp" 227
"../../../Engine/Content/EngineMaterials/BaseFlattenGrayscaleMap_VT.uasset" 228
"../../../Engine/Content/EngineMaterials/BaseFlattenGrayscaleMap_VT.uexp" 229
"../../../Engine/Content/EngineMaterials/BaseFlattenLinearColor_VT.uasset" 230
"../../../Engine/Content/EngineMaterials/BaseFlattenLinearColor_VT.uexp" 231
"../../../Engine/Content/EngineMaterials/Black_1x1_EXR_Texture_VT.uasset" 232
"../../../Engine/Content/EngineMaterials/Black_1x1_EXR_Texture_VT.uexp" 233
"../../../Engine/Content/EngineMaterials/BaseFlattenDiffuseMap_VT.uasset" 234
"../../../Engine/Content/EngineMaterials/BaseFlattenDiffuseMap_VT.uexp" 235
"../../../Engine/Content/EngineMaterials/BaseFlattenNormalMap_VT.uasset" 236
"../../../Engine/Content/EngineMaterials/BaseFlattenNormalMap_VT.uexp" 237
"../../../Engine/Content/EngineMaterials/FlattenMaterial_WS_Normal_VT.uasset" 238
"../../../Engine/Content/EngineMaterials/FlattenMaterial_WS_Normal_VT.uexp" 239
"../../../Engine/Content/EngineMaterials/FlattenMaterial_VT.uasset" 240
"../../../Engine/Content/EngineMaterials/FlattenMaterial_VT.uexp" 241
"../../../Engine/Content/EngineMaterials/BaseFlattenNormalMap.uasset" 242
"../../../Engine/Content/EngineMaterials/BaseFlattenNormalMap.uexp" 243
"../../../Engine/Content/EngineMaterials/BaseFlattenGrayscaleMap.uasset" 244
"../../../Engine/Content/EngineMaterials/BaseFlattenGrayscaleMap.uexp" 245
"../../../Engine/Content/EngineMaterials/BaseFlattenDiffuseMap.uasset" 246
"../../../Engine/Content/EngineMaterials/BaseFlattenDiffuseMap.uexp" 247
"../../../Engine/Content/Functions/Engine_MaterialFunctions02/PivotPainter2/Black_1x1_EXR_Texture.uasset" 248
"../../../Engine/Content/Functions/Engine_MaterialFunctions02/PivotPainter2/Black_1x1_EXR_Texture.uexp" 249
"../../../Engine/Content/EngineMaterials/BaseFlattenEmissiveMap.uasset" 250
"../../../Engine/Content/EngineMaterials/BaseFlattenEmissiveMap.uexp" 251
"../../../Engine/Content/EngineMaterials/BaseFlattenLinearColor.uasset" 252
"../../../Engine/Content/EngineMaterials/BaseFlattenLinearColor.uexp" 253
"../../../Engine/Content/EngineMaterials/FlattenMaterial.uasset" 254
"../../../Engine/Content/EngineMaterials/FlattenMaterial.uexp" 255
"../../../Engine/Content/EngineMaterials/DefaultWhiteGrid_Low.uasset" 256
"../../../Engine/Content/EngineMaterials/DefaultWhiteGrid_Low.uexp" 257
"../../../Engine/Content/EngineMaterials/EmissiveMeshMaterial.uasset" 258
"../../../Engine/Content/EngineMaterials/EmissiveMeshMaterial.uexp" 259
"../../../Engine/Content/EngineFonts/RobotoDistanceField.uasset" 260
"../../../Engine/Content/EngineFonts/RobotoDistanceField.uexp" 261
"../../../Engine/Content/EngineMaterials/DefaultTextMaterialOpaque.uasset" 262
"../../../Engine/Content/EngineMaterials/DefaultTextMaterialOpaque.uexp" 263
"../../../Engine/Content/EngineMaterials/DefaultDiffuse.ubulk" 264
"../../../Engine/Content/EngineMaterials/DefaultDiffuse.uasset" 265
"../../../Engine/Content/EngineMaterials/DefaultDiffuse.uexp" 266
"../../../Engine/Content/Functions/Engine_MaterialFunctions02/Utility/BreakOutFloat2Components.uasset" 267
"../../../Engine/Content/Functions/Engine_MaterialFunctions02/Utility/BreakOutFloat2Components.uexp" 268
"../../../Engine/Content/EngineMaterials/DefaultPostProcessMaterial.uasset" 269
"../../../Engine/Content/EngineMaterials/DefaultPostProcessMaterial.uexp" 270
"../../../Engine/Content/EngineMaterials/DefaultLightFunctionMaterial.uasset" 271
"../../../Engine/Content/EngineMaterials/DefaultLightFunctionMaterial.uexp" 272
"../../../Engine/Content/EngineMaterials/DefaultDeferredDecalMaterial.uasset" 273
"../../../Engine/Content/EngineMaterials/DefaultDeferredDecalMaterial.uexp" 274
"../../../Engine/Content/Functions/Engine_MaterialFunctions02/Utility/CameraDirectionVector.uasset" 275
"../../../Engine/Content/Functions/Engine_MaterialFunctions02/Utility/CameraDirectionVector.uexp" 276
"../../../Engine/Content/EngineDebugMaterials/VolumeToRender.uasset" 277
"../../../Engine/Content/EngineDebugMaterials/VolumeToRender.uexp" 278
"../../../Engine/Content/EngineDebugMaterials/M_VolumeRenderSphereTracePP.uasset" 279
"../../../Engine/Content/EngineDebugMaterials/M_VolumeRenderSphereTracePP.uexp" 280
"../../../Engine/Content/EngineDebugMaterials/M_SimpleUnlitTranslucent.uasset" 281
"../../../Engine/Content/EngineDebugMaterials/M_SimpleUnlitTranslucent.uexp" 282
"../../../Engine/Content/EngineDebugMaterials/DebugMeshMaterial.uasset" 283
"../../../Engine/Content/EngineDebugMaterials/DebugMeshMaterial.uexp" 284
"../../../Engine/Content/EngineDebugMaterials/DebugEditorMaterial.uasset" 285
"../../../Engine/Content/EngineDebugMaterials/DebugEditorMaterial.uexp" 286
"../../../Engine/Content/EditorMaterials/PreviewShadowIndicator.ubulk" 287
"../../../Engine/Content/EditorMaterials/PreviewShadowIndicator.uasset" 288
"../../../Engine/Content/EditorMaterials/PreviewShadowIndicator.uexp" 289
"../../../Engine/Content/EditorMaterials/PreviewShadowIndicatorMaterial.uasset" 290
"../../../Engine/Content/EditorMaterials/PreviewShadowIndicatorMaterial.uexp" 291
"../../../Engine/Content/EditorMaterials/PhAT_UnselectedMaterial.uasset" 292
"../../../Engine/Content/EditorMaterials/PhAT_UnselectedMaterial.uexp" 293
"../../../Engine/Content/EditorMaterials/PhAT_NoCollisionMaterial.uasset" 294
"../../../Engine/Content/EditorMaterials/PhAT_NoCollisionMaterial.uexp" 295
"../../../Engine/Content/EditorMaterials/Dataflow/DataflowVertexMaterial.uasset" 296
"../../../Engine/Content/EditorMaterials/Dataflow/DataflowVertexMaterial.uexp" 297
"../../../Engine/Content/EditorMaterials/Dataflow/DataflowTwoSidedVertexMaterial.uasset" 298
"../../../Engine/Content/EditorMaterials/Dataflow/DataflowTwoSidedVertexMaterial.uexp" 299
"../../../Engine/Content/BasicShapes/BasicShapeMaterial.uasset" 300
"../../../Engine/Content/BasicShapes/BasicShapeMaterial.uexp" 301
"../../../Engine/Plugins/Animation/ControlRig/Content/Controls/ControlRigGizmoMaterial.uasset" 302
"../../../Engine/Plugins/Animation/ControlRig/Content/Controls/ControlRigGizmoMaterial.uexp" 303
"../../../Engine/Plugins/Animation/ControlRig/Content/Controls/ControlRigXRayMaterial.uasset" 304
"../../../Engine/Plugins/Animation/ControlRig/Content/Controls/ControlRigXRayMaterial.uexp" 305
"../../../Engine/Plugins/Animation/ControlRig/Content/M_Manip.uasset" 306
"../../../Engine/Plugins/Animation/ControlRig/Content/M_Manip.uexp" 307
"../../../Engine/Plugins/Editor/SpeedTreeImporter/Content/SpeedTree9/game_wind_noise.ubulk" 308
"../../../Engine/Plugins/Editor/SpeedTreeImporter/Content/SpeedTree9/game_wind_noise.uasset" 309
"../../../Engine/Plugins/Editor/SpeedTreeImporter/Content/SpeedTree9/game_wind_noise.uexp" 310
"../../../Engine/Plugins/Editor/SpeedTreeImporter/Content/SpeedTree9/UnpackDirection.uasset" 311
"../../../Engine/Plugins/Editor/SpeedTreeImporter/Content/SpeedTree9/UnpackDirection.uexp" 312
"../../../Engine/Content/Functions/Engine_MaterialFunctions02/ObjectLocalBounds.uasset" 313
"../../../Engine/Content/Functions/Engine_MaterialFunctions02/ObjectLocalBounds.uexp" 314
"../../../Engine/Content/Functions/Engine_MaterialFunctions02/Utility/BreakOutFloat3Components.uasset" 315
"../../../Engine/Content/Functions/Engine_MaterialFunctions02/Utility/BreakOutFloat3Components.uexp" 316
"../../../Engine/Content/Functions/Engine_MaterialFunctions02/UVs/BoundingBoxBased_0-1_UVW.uasset" 317
"../../../Engine/Content/Functions/Engine_MaterialFunctions02/UVs/BoundingBoxBased_0-1_UVW.uexp" 318
"../../../Engine/Plugins/Editor/SpeedTreeImporter/Content/SpeedTree9/SpeedTreeBillboard.uasset" 319
"../../../Engine/Plugins/Editor/SpeedTreeImporter/Content/SpeedTree9/SpeedTreeBillboard.uexp" 320
"../../../Engine/Content/Functions/Engine_MaterialFunctions02/Utility/VectorLength.uasset" 321
"../../../Engine/Content/Functions/Engine_MaterialFunctions02/Utility/VectorLength.uexp" 322
"../../../Engine/Plugins/Editor/SpeedTreeImporter/Content/SpeedTree9/UnpackInteger3.uasset" 323
"../../../Engine/Plugins/Editor/SpeedTreeImporter/Content/SpeedTree9/UnpackInteger3.uexp" 324
"../../../Engine/Content/Functions/Engine_MaterialFunctions02/WorldPositionOffset/ObjectScale.uasset" 325
"../../../Engine/Content/Functions/Engine_MaterialFunctions02/WorldPositionOffset/ObjectScale.uexp" 326
"../../../Engine/Content/Functions/Engine_MaterialFunctions02/SafeNormalize.uasset" 327
"../../../Engine/Content/Functions/Engine_MaterialFunctions02/SafeNormalize.uexp" 328
"../../../Engine/Plugins/Editor/SpeedTreeImporter/Content/SpeedTree9/SpeedTreeWindMotion.uasset" 329
"../../../Engine/Plugins/Editor/SpeedTreeImporter/Content/SpeedTree9/SpeedTreeWindMotion.uexp" 330
"../../../Engine/Plugins/Editor/SpeedTreeImporter/Content/SpeedTree9/SpeedTreeBranchMotion.uasset" 331
"../../../Engine/Plugins/Editor/SpeedTreeImporter/Content/SpeedTree9/SpeedTreeBranchMotion.uexp" 332
"../../../Engine/Plugins/Editor/SpeedTreeImporter/Content/SpeedTree9/SpeedTreeWind.uasset" 333
"../../../Engine/Plugins/Editor/SpeedTreeImporter/Content/SpeedTree9/SpeedTreeWind.uexp" 334
"../../../Engine/Plugins/Editor/SpeedTreeImporter/Content/SpeedTree9/EmptyNormal.uasset" 335
"../../../Engine/Plugins/Editor/SpeedTreeImporter/Content/SpeedTree9/EmptyNormal.uexp" 336
"../../../Engine/Plugins/Editor/SpeedTreeImporter/Content/SpeedTree9/Empty.uasset" 337
"../../../Engine/Plugins/Editor/SpeedTreeImporter/Content/SpeedTree9/Empty.uexp" 338
"../../../Engine/Plugins/Editor/SpeedTreeImporter/Content/SpeedTree9/SpeedTreeBillboardMaster.uasset" 339
"../../../Engine/Plugins/Editor/SpeedTreeImporter/Content/SpeedTree9/SpeedTreeBillboardMaster.uexp" 340
"../../../Engine/Plugins/Editor/SpeedTreeImporter/Content/SpeedTree9/SpeedTreeCameraFacing.uasset" 341
"../../../Engine/Plugins/Editor/SpeedTreeImporter/Content/SpeedTree9/SpeedTreeCameraFacing.uexp" 342
"../../../Engine/Plugins/Editor/SpeedTreeImporter/Content/SpeedTree9/SpeedTreeMaster.uasset" 343
"../../../Engine/Plugins/Editor/SpeedTreeImporter/Content/SpeedTree9/SpeedTreeMaster.uexp" 344
"../../../Engine/Plugins/Runtime/HairStrands/Content/Materials/HairCardsDefaultMaterial.uasset" 345
"../../../Engine/Plugins/Runtime/HairStrands/Content/Materials/HairCardsDefaultMaterial.uexp" 346
"../../../Engine/Plugins/Runtime/HairStrands/Content/Materials/HairGroupColors.uasset" 347
"../../../Engine/Plugins/Runtime/HairStrands/Content/Materials/HairGroupColors.uexp" 348
"../../../Engine/Content/Functions/Engine_MaterialFunctions02/Utility/MakeFloat2.uasset" 349
"../../../Engine/Content/Functions/Engine_MaterialFunctions02/Utility/MakeFloat2.uexp" 350
"../../../Engine/Content/Functions/Engine_MaterialFunctions02/Utility/MakeFloat3.uasset" 351
"../../../Engine/Content/Functions/Engine_MaterialFunctions02/Utility/MakeFloat3.uexp" 352
"../../../Engine/Content/EngineMaterials/HairColorMap.uasset" 353
"../../../Engine/Content/EngineMaterials/HairColorMap.uexp" 354
"../../../Engine/Content/EngineMaterials/HairDebugColor.uasset" 355
"../../../Engine/Content/EngineMaterials/HairDebugColor.uexp" 356
"../../../Engine/Plugins/Runtime/HairStrands/Content/Materials/HairDebugMaterial.uasset" 357
"../../../Engine/Plugins/Runtime/HairStrands/Content/Materials/HairDebugMaterial.uexp" 358
"../../../Engine/Plugins/Runtime/HairStrands/Content/Materials/HairDefaultMaterial.uasset" 359
"../../../Engine/Plugins/Runtime/HairStrands/Content/Materials/HairDefaultMaterial.uexp" 360
"../../../Engine/Plugins/Runtime/HairStrands/Content/Materials/HairMeshesDefaultMaterial.uasset" 361
"../../../Engine/Plugins/Runtime/HairStrands/Content/Materials/HairMeshesDefaultMaterial.uexp" 362
"../../../Engine/Plugins/Runtime/MeshModelingToolset/Content/Materials/M_DynamicMeshComponentVtxColor.uasset" 363
"../../../Engine/Plugins/Runtime/MeshModelingToolset/Content/Materials/M_DynamicMeshComponentVtxColor.uexp" 364
"../../../Engine/Content/EngineMeshes/Sphere.ubulk" 365
"../../../Engine/Content/EngineMeshes/Sphere.uasset" 366
"../../../Engine/Content/EngineMeshes/Sphere.uexp" 367
"../../../Engine/Content/EngineMaterials/T_Default_Material_Grid_M.ubulk" 368
"../../../Engine/Content/EngineMaterials/T_Default_Material_Grid_M.uasset" 369
"../../../Engine/Content/EngineMaterials/T_Default_Material_Grid_M.uexp" 370
"../../../Engine/Content/EngineMaterials/T_Default_Material_Grid_N.ubulk" 371
"../../../Engine/Content/EngineMaterials/T_Default_Material_Grid_N.uasset" 372
"../../../Engine/Content/EngineMaterials/T_Default_Material_Grid_N.uexp" 373
"../../../Engine/Content/Functions/Engine_MaterialFunctions01/Opacity/CameraDepthFade.uasset" 374
"../../../Engine/Content/Functions/Engine_MaterialFunctions01/Opacity/CameraDepthFade.uexp" 375
"../../../Engine/Content/EngineMaterials/WorldGridMaterial.uasset" 376
"../../../Engine/Content/EngineMaterials/WorldGridMaterial.uexp" 377
"../../../Engine/Content/ArtTools/RenderToTexture/Meshes/S_1_Unit_Plane.ubulk" 378
"../../../Engine/Content/ArtTools/RenderToTexture/Meshes/S_1_Unit_Plane.uasset" 379
"../../../Engine/Content/ArtTools/RenderToTexture/Meshes/S_1_Unit_Plane.uexp" 380
"../../../Engine/Content/EngineMaterials/Substrate/GLints2/AGlintTex2dArray2.uasset" 381
"../../../Engine/Content/EngineMaterials/Substrate/GLints2/AGlintTex2dArray2.uexp" 382
"../../../Engine/Content/EngineMaterials/DefaultMaterial.uasset" 383
"../../../Engine/Content/EngineMaterials/DefaultMaterial.uexp" 384
"../../../Engine/Content/BasicShapes/Cone.ubulk" 385
"../../../Engine/Content/BasicShapes/Cone.uasset" 386
"../../../Engine/Content/BasicShapes/Cone.uexp" 387
"../../../Engine/Content/BasicShapes/Cube.ubulk" 388
"../../../Engine/Content/BasicShapes/Cube.uasset" 389
"../../../Engine/Content/BasicShapes/Cube.uexp" 390
"../../../Engine/Content/BasicShapes/Cylinder.ubulk" 391
"../../../Engine/Content/BasicShapes/Cylinder.uasset" 392
"../../../Engine/Content/BasicShapes/Cylinder.uexp" 393
"../../../Engine/Content/BasicShapes/Plane.ubulk" 394
"../../../Engine/Content/BasicShapes/Plane.uasset" 395
"../../../Engine/Content/BasicShapes/Plane.uexp" 396
"../../../Engine/Content/BasicShapes/Sphere.ubulk" 397
"../../../Engine/Content/BasicShapes/Sphere.uasset" 398
"../../../Engine/Content/BasicShapes/Sphere.uexp" 399
"../../../Engine/Content/EditorLandscapeResources/SplineEditorMeshMat.uasset" 400
"../../../Engine/Content/EditorLandscapeResources/SplineEditorMeshMat.uexp" 401
"../../../Engine/Content/EditorLandscapeResources/SplineEditorMesh.ubulk" 402
"../../../Engine/Content/EditorLandscapeResources/SplineEditorMesh.uasset" 403
"../../../Engine/Content/EditorLandscapeResources/SplineEditorMesh.uexp" 404
"../../../Engine/Content/EditorMaterials/Camera/CineMat.uasset" 405
"../../../Engine/Content/EditorMaterials/Camera/CineMat.uexp" 406
"../../../Engine/Content/EditorMaterials/Camera/MI_CineMat_Rig.uasset" 407
"../../../Engine/Content/EditorMaterials/Camera/MI_CineMat_Rig.uexp" 408
"../../../Engine/Content/EditorMeshes/Camera/SM_CraneRig_Arm.ubulk" 409
"../../../Engine/Content/EditorMeshes/Camera/SM_CraneRig_Arm.uasset" 410
"../../../Engine/Content/EditorMeshes/Camera/SM_CraneRig_Arm.uexp" 411
"../../../Engine/Content/EditorMeshes/Camera/SM_CraneRig_Base.ubulk" 412
"../../../Engine/Content/EditorMeshes/Camera/SM_CraneRig_Base.uasset" 413
"../../../Engine/Content/EditorMeshes/Camera/SM_CraneRig_Base.uexp" 414
"../../../Engine/Content/EditorMeshes/Camera/SM_CraneRig_Body.ubulk" 415
"../../../Engine/Content/EditorMeshes/Camera/SM_CraneRig_Body.uasset" 416
"../../../Engine/Content/EditorMeshes/Camera/SM_CraneRig_Body.uexp" 417
"../../../Engine/Content/EditorMeshes/Camera/SM_CraneRig_Mount.ubulk" 418
"../../../Engine/Content/EditorMeshes/Camera/SM_CraneRig_Mount.uasset" 419
"../../../Engine/Content/EditorMeshes/Camera/SM_CraneRig_Mount.uexp" 420
"../../../Engine/Content/EditorMeshes/Camera/SM_RailRig_Mount.ubulk" 421
"../../../Engine/Content/EditorMeshes/Camera/SM_RailRig_Mount.uasset" 422
"../../../Engine/Content/EditorMeshes/Camera/SM_RailRig_Mount.uexp" 423
"../../../Engine/Content/EditorMeshes/Camera/SM_RailRig_Track.ubulk" 424
"../../../Engine/Content/EditorMeshes/Camera/SM_RailRig_Track.uasset" 425
"../../../Engine/Content/EditorMeshes/Camera/SM_RailRig_Track.uexp" 426
"../../../Engine/Content/EngineMaterials/WeightMapPlaceholderTexture.uasset" 427
"../../../Engine/Content/EngineMaterials/WeightMapPlaceholderTexture.uexp" 428
"../../../Engine/Content/EngineMaterials/WeightMapArrayPlaceholderTexture.uasset" 429
"../../../Engine/Content/EngineMaterials/WeightMapArrayPlaceholderTexture.uexp" 430
"../../../Engine/Content/EngineResources/WhiteSquareTexture.uasset" 431
"../../../Engine/Content/EngineResources/WhiteSquareTexture.uexp" 432
"../../../Engine/Content/EngineMaterials/Widget3DPassThrough.uasset" 433
"../../../Engine/Content/EngineMaterials/Widget3DPassThrough.uexp" 434
"../../../Engine/Content/EngineMaterials/Widget3DPassThrough_Masked.uasset" 435
"../../../Engine/Content/EngineMaterials/Widget3DPassThrough_Masked.uexp" 436
"../../../Engine/Content/EngineMaterials/Widget3DPassThrough_Opaque.uasset" 437
"../../../Engine/Content/EngineMaterials/Widget3DPassThrough_Opaque.uexp" 438
"../../../Engine/Content/EngineMaterials/Widget3DPassThrough_Masked_OneSided.uasset" 439
"../../../Engine/Content/EngineMaterials/Widget3DPassThrough_Masked_OneSided.uexp" 440
"../../../Engine/Content/EngineMaterials/Widget3DPassThrough_Opaque_OneSided.uasset" 441
"../../../Engine/Content/EngineMaterials/Widget3DPassThrough_Opaque_OneSided.uexp" 442
"../../../Engine/Content/EngineMaterials/Widget3DPassThrough_Translucent.uasset" 443
"../../../Engine/Content/EngineMaterials/Widget3DPassThrough_Translucent.uexp" 444
"../../../Engine/Content/EngineMaterials/Widget3DPassThrough_Translucent_OneSided.uasset" 445
"../../../Engine/Content/EngineMaterials/Widget3DPassThrough_Translucent_OneSided.uexp" 446
"../../../Engine/Content/EngineMaterials/Substrate/GLints/AGlintTex2dArray.uasset" 447
"../../../Engine/Content/EngineMaterials/Substrate/GLints/AGlintTex2dArray.uexp" 448
"../../../Engine/Content/EngineSky/VolumetricClouds/T_CloudMask.ubulk" 449
"../../../Engine/Content/EngineSky/VolumetricClouds/T_CloudMask.uasset" 450
"../../../Engine/Content/EngineSky/VolumetricClouds/T_CloudMask.uexp" 451
"../../../Engine/Content/EngineSky/VolumetricClouds/VT_Lightning.uasset" 452
"../../../Engine/Content/EngineSky/VolumetricClouds/VT_Lightning.uexp" 453
"../../../Engine/Content/EngineSky/VolumetricClouds/T_Profile_08.ubulk" 454
"../../../Engine/Content/EngineSky/VolumetricClouds/T_Profile_08.uasset" 455
"../../../Engine/Content/EngineSky/VolumetricClouds/T_Profile_08.uexp" 456
"../../../Engine/Content/Functions/Engine_MaterialFunctions02/Utility/MakeFloat4.uasset" 457
"../../../Engine/Content/Functions/Engine_MaterialFunctions02/Utility/MakeFloat4.uexp" 458
"../../../Engine/Content/Functions/Engine_MaterialFunctions01/Units/Km-to-Cm.uasset" 459
"../../../Engine/Content/Functions/Engine_MaterialFunctions01/Units/Km-to-Cm.uexp" 460
"../../../Engine/Content/Functions/Engine_MaterialFunctions02/Utility/BreakOutFloat4Components.uasset" 461
"../../../Engine/Content/Functions/Engine_MaterialFunctions02/Utility/BreakOutFloat4Components.uexp" 462
"../../../Engine/Content/EngineSky/VolumetricClouds/T_CloudPattern.ubulk" 463
"../../../Engine/Content/EngineSky/VolumetricClouds/T_CloudPattern.uasset" 464
"../../../Engine/Content/EngineSky/VolumetricClouds/T_CloudPattern.uexp" 465
"../../../Engine/Content/EngineSky/VolumetricClouds/VT_PerlinWorley_Balanced.uasset" 466
"../../../Engine/Content/EngineSky/VolumetricClouds/VT_PerlinWorley_Balanced.uexp" 467
"../../../Engine/Content/EngineSky/VolumetricClouds/m_SimpleVolumetricCloud.uasset" 468
"../../../Engine/Content/EngineSky/VolumetricClouds/m_SimpleVolumetricCloud.uexp" 469
"../../../Engine/Content/EngineSky/VolumetricClouds/m_SimpleVolumetricCloud_Inst.uasset" 470
"../../../Engine/Content/EngineSky/VolumetricClouds/m_SimpleVolumetricCloud_Inst.uexp" 471
"../../../Engine/Content/VREditor/LaserPointer/VR_LaserPower_01.ubulk" 472
"../../../Engine/Content/VREditor/LaserPointer/VR_LaserPower_01.uasset" 473
"../../../Engine/Content/VREditor/LaserPointer/VR_LaserPower_01.uexp" 474
"../../../Engine/Content/VREditor/TransformGizmo/TransformGizmoMaterial.uasset" 475
"../../../Engine/Content/VREditor/TransformGizmo/TransformGizmoMaterial.uexp" 476
"../../../Engine/Content/VREditor/TransformGizmo/TranslucentTransformGizmoMaterial.uasset" 477
"../../../Engine/Content/VREditor/TransformGizmo/TranslucentTransformGizmoMaterial.uexp" 478
"../../../Engine/Content/VREditor/TransformGizmo/BoundingBoxCorner.ubulk" 479
"../../../Engine/Content/VREditor/TransformGizmo/BoundingBoxCorner.uasset" 480
"../../../Engine/Content/VREditor/TransformGizmo/BoundingBoxCorner.uexp" 481
"../../../Engine/Content/VREditor/TransformGizmo/BoundingBoxEdge.ubulk" 482
"../../../Engine/Content/VREditor/TransformGizmo/BoundingBoxEdge.uasset" 483
"../../../Engine/Content/VREditor/TransformGizmo/BoundingBoxEdge.uexp" 484
"../../../Engine/Content/VREditor/TransformGizmo/Main.uasset" 485
"../../../Engine/Content/VREditor/TransformGizmo/Main.uexp" 486
"../../../Engine/Content/VREditor/TransformGizmo/Xray.uasset" 487
"../../../Engine/Content/VREditor/TransformGizmo/Xray.uexp" 488
"../../../Engine/Content/VREditor/TransformGizmo/SM_Sequencer_Node.ubulk" 489
"../../../Engine/Content/VREditor/TransformGizmo/SM_Sequencer_Node.uasset" 490
"../../../Engine/Content/VREditor/TransformGizmo/SM_Sequencer_Node.uexp" 491
"../../../Engine/Plugins/2D/Paper2D/Content/DefaultSpriteMaterial.uasset" 492
"../../../Engine/Plugins/2D/Paper2D/Content/DefaultSpriteMaterial.uexp" 493
"../../../Engine/Plugins/2D/Paper2D/Content/MaskedUnlitSpriteMaterial.uasset" 494
"../../../Engine/Plugins/2D/Paper2D/Content/MaskedUnlitSpriteMaterial.uexp" 495
"../../../Engine/Plugins/2D/Paper2D/Content/OpaqueUnlitSpriteMaterial.uasset" 496
"../../../Engine/Plugins/2D/Paper2D/Content/OpaqueUnlitSpriteMaterial.uexp" 497
"../../../Engine/Content/Functions/Engine_MaterialFunctions02/Math/Transform3x3Matrix.uasset" 498
"../../../Engine/Content/Functions/Engine_MaterialFunctions02/Math/Transform3x3Matrix.uexp" 499
"../../../Engine/Plugins/Interchange/Assets/Content/gltf/Textures/T_White_srgb.uasset" 500
"../../../Engine/Plugins/Interchange/Assets/Content/gltf/Textures/T_White_srgb.uexp" 501
"../../../Engine/Plugins/Interchange/Assets/Content/gltf/MaterialFunctions/MF_Specular.uasset" 502
"../../../Engine/Plugins/Interchange/Assets/Content/gltf/MaterialFunctions/MF_Specular.uexp" 503
"../../../Engine/Plugins/Interchange/Assets/Content/gltf/Textures/T_Anisotropy_Direction_Linear.uasset" 504
"../../../Engine/Plugins/Interchange/Assets/Content/gltf/Textures/T_Anisotropy_Direction_Linear.uexp" 505
"../../../Engine/Plugins/Interchange/Assets/Content/gltf/MaterialFunctions/MF_SpecularAnisotropy.uasset" 506
"../../../Engine/Plugins/Interchange/Assets/Content/gltf/MaterialFunctions/MF_SpecularAnisotropy.uexp" 507
"../../../Engine/Plugins/Interchange/Assets/Content/gltf/Textures/T_White_Linear.uasset" 508
"../../../Engine/Plugins/Interchange/Assets/Content/gltf/Textures/T_White_Linear.uexp" 509
"../../../Engine/Plugins/Interchange/Assets/Content/gltf/MaterialFunctions/MF_MetallicRoughness.uasset" 510
"../../../Engine/Plugins/Interchange/Assets/Content/gltf/MaterialFunctions/MF_MetallicRoughness.uexp" 511
"../../../Engine/Plugins/Interchange/Assets/Content/gltf/Textures/T_Generic_N.uasset" 512
"../../../Engine/Plugins/Interchange/Assets/Content/gltf/Textures/T_Generic_N.uexp" 513
"../../../Engine/Plugins/Interchange/Assets/Content/gltf/MaterialFunctions/MF_ScaleNormal.uasset" 514
"../../../Engine/Plugins/Interchange/Assets/Content/gltf/MaterialFunctions/MF_ScaleNormal.uexp" 515
"../../../Engine/Plugins/Interchange/Assets/Content/gltf/MaterialFunctions/MF_BaseColor.uasset" 516
"../../../Engine/Plugins/Interchange/Assets/Content/gltf/MaterialFunctions/MF_BaseColor.uexp" 517
"../../../Engine/Plugins/Interchange/Assets/Content/gltf/MaterialFunctions/MF_Iridescence.uasset" 518
"../../../Engine/Plugins/Interchange/Assets/Content/gltf/MaterialFunctions/MF_Iridescence.uexp" 519
"../../../Engine/Plugins/Interchange/Assets/Content/gltf/MaterialFunctions/MF_Occlusion.uasset" 520
"../../../Engine/Plugins/Interchange/Assets/Content/gltf/MaterialFunctions/MF_Occlusion.uexp" 521
"../../../Engine/Plugins/Interchange/Assets/Content/gltf/MaterialFunctions/MF_IOR.uasset" 522
"../../../Engine/Plugins/Interchange/Assets/Content/gltf/MaterialFunctions/MF_IOR.uexp" 523
"../../../Engine/Plugins/Interchange/Assets/Content/gltf/MaterialFunctions/MF_RotateV2.uasset" 524
"../../../Engine/Plugins/Interchange/Assets/Content/gltf/MaterialFunctions/MF_RotateV2.uexp" 525
"../../../Engine/Plugins/Interchange/Assets/Content/gltf/MaterialFunctions/MF_TransformUVs.uasset" 526
"../../../Engine/Plugins/Interchange/Assets/Content/gltf/MaterialFunctions/MF_TransformUVs.uexp" 527
"../../../Engine/Plugins/Interchange/Assets/Content/gltf/MaterialFunctions/MF_Emissive.uasset" 528
"../../../Engine/Plugins/Interchange/Assets/Content/gltf/MaterialFunctions/MF_Emissive.uexp" 529
"../../../Engine/Plugins/Interchange/Assets/Content/gltf/MaterialFunctions/MF_RotateNormals_TS.uasset" 530
"../../../Engine/Plugins/Interchange/Assets/Content/gltf/MaterialFunctions/MF_RotateNormals_TS.uexp" 531
"../../../Engine/Plugins/Interchange/Assets/Content/gltf/MaterialFunctions/MF_Normals.uasset" 532
"../../../Engine/Plugins/Interchange/Assets/Content/gltf/MaterialFunctions/MF_Normals.uexp" 533
"../../../Engine/Content/Functions/Engine_MaterialFunctions01/Texturing/FlattenNormal.uasset" 534
"../../../Engine/Content/Functions/Engine_MaterialFunctions01/Texturing/FlattenNormal.uexp" 535
"../../../Engine/Plugins/Interchange/Assets/Content/gltf/MaterialFunctions/MF_Clearcoat.uasset" 536
"../../../Engine/Plugins/Interchange/Assets/Content/gltf/MaterialFunctions/MF_Clearcoat.uexp" 537
"../../../Engine/Plugins/Interchange/Assets/Content/gltf/MaterialBodies/MF_ClearCoat_Body.uasset" 538
"../../../Engine/Plugins/Interchange/Assets/Content/gltf/MaterialBodies/MF_ClearCoat_Body.uexp" 539
"../../../Engine/Plugins/Interchange/Assets/Content/gltf/M_ClearCoat.uasset" 540
"../../../Engine/Plugins/Interchange/Assets/Content/gltf/M_ClearCoat.uexp" 541
"../../../Engine/Plugins/Interchange/Assets/Content/gltf/MaterialInstances/MI_ClearCoat_Blend.uasset" 542
"../../../Engine/Plugins/Interchange/Assets/Content/gltf/MaterialInstances/MI_ClearCoat_Blend.uexp" 543
"../../../Engine/Plugins/Interchange/Assets/Content/gltf/MaterialInstances/MI_ClearCoat_Blend_DS.uasset" 544
"../../../Engine/Plugins/Interchange/Assets/Content/gltf/MaterialInstances/MI_ClearCoat_Blend_DS.uexp" 545
"../../../Engine/Plugins/Interchange/Assets/Content/gltf/MaterialInstances/MI_ClearCoat_Mask.uasset" 546
"../../../Engine/Plugins/Interchange/Assets/Content/gltf/MaterialInstances/MI_ClearCoat_Mask.uexp" 547
"../../../Engine/Plugins/Interchange/Assets/Content/gltf/MaterialInstances/MI_ClearCoat_Mask_DS.uasset" 548
"../../../Engine/Plugins/Interchange/Assets/Content/gltf/MaterialInstances/MI_ClearCoat_Mask_DS.uexp" 549
"../../../Engine/Plugins/Interchange/Assets/Content/gltf/MaterialInstances/MI_ClearCoat_Opaque.uasset" 550
"../../../Engine/Plugins/Interchange/Assets/Content/gltf/MaterialInstances/MI_ClearCoat_Opaque.uexp" 551
"../../../Engine/Plugins/Interchange/Assets/Content/gltf/MaterialInstances/MI_ClearCoat_Opaque_DS.uasset" 552
"../../../Engine/Plugins/Interchange/Assets/Content/gltf/MaterialInstances/MI_ClearCoat_Opaque_DS.uexp" 553
"../../../Engine/Plugins/Interchange/Assets/Content/gltf/MaterialBodies/MF_Default_Body.uasset" 554
"../../../Engine/Plugins/Interchange/Assets/Content/gltf/MaterialBodies/MF_Default_Body.uexp" 555
"../../../Engine/Plugins/Interchange/Assets/Content/gltf/M_Default.uasset" 556
"../../../Engine/Plugins/Interchange/Assets/Content/gltf/M_Default.uexp" 557
"../../../Engine/Plugins/Interchange/Assets/Content/gltf/MaterialInstances/MI_Default_Blend.uasset" 558
"../../../Engine/Plugins/Interchange/Assets/Content/gltf/MaterialInstances/MI_Default_Blend.uexp" 559
"../../../Engine/Plugins/Interchange/Assets/Content/gltf/MaterialInstances/MI_Default_Blend_DS.uasset" 560
"../../../Engine/Plugins/Interchange/Assets/Content/gltf/MaterialInstances/MI_Default_Blend_DS.uexp" 561
"../../../Engine/Plugins/Interchange/Assets/Content/gltf/MaterialInstances/MI_Default_Mask.uasset" 562
"../../../Engine/Plugins/Interchange/Assets/Content/gltf/MaterialInstances/MI_Default_Mask.uexp" 563
"../../../Engine/Plugins/Interchange/Assets/Content/gltf/MaterialInstances/MI_Default_Mask_DS.uasset" 564
"../../../Engine/Plugins/Interchange/Assets/Content/gltf/MaterialInstances/MI_Default_Mask_DS.uexp" 565
"../../../Engine/Plugins/Interchange/Assets/Content/gltf/MaterialInstances/MI_Default_Opaque.uasset" 566
"../../../Engine/Plugins/Interchange/Assets/Content/gltf/MaterialInstances/MI_Default_Opaque.uexp" 567
"../../../Engine/Plugins/Interchange/Assets/Content/gltf/MaterialInstances/MI_Default_Opaque_DS.uasset" 568
"../../../Engine/Plugins/Interchange/Assets/Content/gltf/MaterialInstances/MI_Default_Opaque_DS.uexp" 569
"../../../Engine/Plugins/Interchange/Assets/Content/gltf/MaterialFunctions/MF_Sheen.uasset" 570
"../../../Engine/Plugins/Interchange/Assets/Content/gltf/MaterialFunctions/MF_Sheen.uexp" 571
"../../../Engine/Plugins/Interchange/Assets/Content/gltf/MaterialBodies/MF_Sheen_Body.uasset" 572
"../../../Engine/Plugins/Interchange/Assets/Content/gltf/MaterialBodies/MF_Sheen_Body.uexp" 573
"../../../Engine/Plugins/Interchange/Assets/Content/gltf/M_Sheen.uasset" 574
"../../../Engine/Plugins/Interchange/Assets/Content/gltf/M_Sheen.uexp" 575
"../../../Engine/Plugins/Interchange/Assets/Content/gltf/MaterialInstances/MI_Sheen_Blend.uasset" 576
"../../../Engine/Plugins/Interchange/Assets/Content/gltf/MaterialInstances/MI_Sheen_Blend.uexp" 577
"../../../Engine/Plugins/Interchange/Assets/Content/gltf/MaterialInstances/MI_Sheen_Blend_DS.uasset" 578
"../../../Engine/Plugins/Interchange/Assets/Content/gltf/MaterialInstances/MI_Sheen_Blend_DS.uexp" 579
"../../../Engine/Plugins/Interchange/Assets/Content/gltf/MaterialInstances/MI_Sheen_Mask.uasset" 580
"../../../Engine/Plugins/Interchange/Assets/Content/gltf/MaterialInstances/MI_Sheen_Mask.uexp" 581
"../../../Engine/Plugins/Interchange/Assets/Content/gltf/MaterialInstances/MI_Sheen_Mask_DS.uasset" 582
"../../../Engine/Plugins/Interchange/Assets/Content/gltf/MaterialInstances/MI_Sheen_Mask_DS.uexp" 583
"../../../Engine/Plugins/Interchange/Assets/Content/gltf/MaterialInstances/MI_Sheen_Opaque.uasset" 584
"../../../Engine/Plugins/Interchange/Assets/Content/gltf/MaterialInstances/MI_Sheen_Opaque.uexp" 585
"../../../Engine/Plugins/Interchange/Assets/Content/gltf/MaterialInstances/MI_Sheen_Opaque_DS.uasset" 586
"../../../Engine/Plugins/Interchange/Assets/Content/gltf/MaterialInstances/MI_Sheen_Opaque_DS.uexp" 587
"../../../Engine/Content/Functions/Engine_MaterialFunctions02/Math/AddComponents.uasset" 588
"../../../Engine/Content/Functions/Engine_MaterialFunctions02/Math/AddComponents.uexp" 589
"../../../Engine/Plugins/Interchange/Assets/Content/gltf/MaterialFunctions/MF_DiffuseSpecGloss.uasset" 590
"../../../Engine/Plugins/Interchange/Assets/Content/gltf/MaterialFunctions/MF_DiffuseSpecGloss.uexp" 591
"../../../Engine/Plugins/Interchange/Assets/Content/gltf/MaterialFunctions/MF_PerceivedBrightness.uasset" 592
"../../../Engine/Plugins/Interchange/Assets/Content/gltf/MaterialFunctions/MF_PerceivedBrightness.uexp" 593
"../../../Engine/Plugins/Interchange/Assets/Content/gltf/MaterialFunctions/MF_SpecGlossToMetalRoughness.uasset" 594
"../../../Engine/Plugins/Interchange/Assets/Content/gltf/MaterialFunctions/MF_SpecGlossToMetalRoughness.uexp" 595
"../../../Engine/Plugins/Interchange/Assets/Content/gltf/MaterialFunctions/MF_MaxComponentValue.uasset" 596
"../../../Engine/Plugins/Interchange/Assets/Content/gltf/MaterialFunctions/MF_MaxComponentValue.uexp" 597
"../../../Engine/Plugins/Interchange/Assets/Content/gltf/MaterialBodies/MF_SpecularGlossiness_Body.uasset" 598
"../../../Engine/Plugins/Interchange/Assets/Content/gltf/MaterialBodies/MF_SpecularGlossiness_Body.uexp" 599
"../../../Engine/Plugins/Interchange/Assets/Content/gltf/M_SpecularGlossiness.uasset" 600
"../../../Engine/Plugins/Interchange/Assets/Content/gltf/M_SpecularGlossiness.uexp" 601
"../../../Engine/Plugins/Interchange/Assets/Content/gltf/MaterialInstances/MI_SpecularGlossiness_Blend.uasset" 602
"../../../Engine/Plugins/Interchange/Assets/Content/gltf/MaterialInstances/MI_SpecularGlossiness_Blend.uexp" 603
"../../../Engine/Plugins/Interchange/Assets/Content/gltf/MaterialInstances/MI_SpecularGlossiness_Blend_DS.uasset" 604
"../../../Engine/Plugins/Interchange/Assets/Content/gltf/MaterialInstances/MI_SpecularGlossiness_Blend_DS.uexp" 605
"../../../Engine/Plugins/Interchange/Assets/Content/gltf/MaterialInstances/MI_SpecularGlossiness_Mask.uasset" 606
"../../../Engine/Plugins/Interchange/Assets/Content/gltf/MaterialInstances/MI_SpecularGlossiness_Mask.uexp" 607
"../../../Engine/Plugins/Interchange/Assets/Content/gltf/MaterialInstances/MI_SpecularGlossiness_Mask_DS.uasset" 608
"../../../Engine/Plugins/Interchange/Assets/Content/gltf/MaterialInstances/MI_SpecularGlossiness_Mask_DS.uexp" 609
"../../../Engine/Plugins/Interchange/Assets/Content/gltf/MaterialInstances/MI_SpecularGlossiness_Opaque.uasset" 610
"../../../Engine/Plugins/Interchange/Assets/Content/gltf/MaterialInstances/MI_SpecularGlossiness_Opaque.uexp" 611
"../../../Engine/Plugins/Interchange/Assets/Content/gltf/MaterialInstances/MI_SpecularGlossiness_Opaque_DS.uasset" 612
"../../../Engine/Plugins/Interchange/Assets/Content/gltf/MaterialInstances/MI_SpecularGlossiness_Opaque_DS.uexp" 613
"../../../Engine/Content/EngineMaterials/Good64x64TilingNoiseHighFreq.uasset" 614
"../../../Engine/Content/EngineMaterials/Good64x64TilingNoiseHighFreq.uexp" 615
"../../../Engine/Content/Functions/Engine_MaterialFunctions02/Texturing/ScreenAlignedPixelToPixelUVs.uasset" 616
"../../../Engine/Content/Functions/Engine_MaterialFunctions02/Texturing/ScreenAlignedPixelToPixelUVs.uexp" 617
"../../../Engine/Plugins/Interchange/Assets/Content/gltf/MaterialFunctions/MF_Temporal_Blur.uasset" 618
"../../../Engine/Plugins/Interchange/Assets/Content/gltf/MaterialFunctions/MF_Temporal_Blur.uexp" 619
"../../../Engine/Plugins/Interchange/Assets/Content/gltf/MaterialFunctions/MF_Fresnel_DS.uasset" 620
"../../../Engine/Plugins/Interchange/Assets/Content/gltf/MaterialFunctions/MF_Fresnel_DS.uexp" 621
"../../../Engine/Plugins/Interchange/Assets/Content/gltf/MaterialFunctions/MF_Transmission.uasset" 622
"../../../Engine/Plugins/Interchange/Assets/Content/gltf/MaterialFunctions/MF_Transmission.uexp" 623
"../../../Engine/Plugins/Interchange/Assets/Content/gltf/MaterialBodies/MF_Transmission_Body.uasset" 624
"../../../Engine/Plugins/Interchange/Assets/Content/gltf/MaterialBodies/MF_Transmission_Body.uexp" 625
"../../../Engine/Plugins/Interchange/Assets/Content/gltf/M_Transmission.uasset" 626
"../../../Engine/Plugins/Interchange/Assets/Content/gltf/M_Transmission.uexp" 627
"../../../Engine/Plugins/Interchange/Assets/Content/gltf/MaterialInstances/MI_Transmission.uasset" 628
"../../../Engine/Plugins/Interchange/Assets/Content/gltf/MaterialInstances/MI_Transmission.uexp" 629
"../../../Engine/Plugins/Interchange/Assets/Content/gltf/MaterialInstances/MI_Transmission_DS.uasset" 630
"../../../Engine/Plugins/Interchange/Assets/Content/gltf/MaterialInstances/MI_Transmission_DS.uexp" 631
"../../../Engine/Plugins/Interchange/Assets/Content/gltf/MaterialBodies/MF_Unlit_Body.uasset" 632
"../../../Engine/Plugins/Interchange/Assets/Content/gltf/MaterialBodies/MF_Unlit_Body.uexp" 633
"../../../Engine/Plugins/Interchange/Assets/Content/gltf/M_Unlit.uasset" 634
"../../../Engine/Plugins/Interchange/Assets/Content/gltf/M_Unlit.uexp" 635
"../../../Engine/Plugins/Interchange/Assets/Content/gltf/MaterialInstances/MI_Unlit_Blend.uasset" 636
"../../../Engine/Plugins/Interchange/Assets/Content/gltf/MaterialInstances/MI_Unlit_Blend.uexp" 637
"../../../Engine/Plugins/Interchange/Assets/Content/gltf/MaterialInstances/MI_Unlit_Blend_DS.uasset" 638
"../../../Engine/Plugins/Interchange/Assets/Content/gltf/MaterialInstances/MI_Unlit_Blend_DS.uexp" 639
"../../../Engine/Plugins/Interchange/Assets/Content/gltf/MaterialInstances/MI_Unlit_Mask.uasset" 640
"../../../Engine/Plugins/Interchange/Assets/Content/gltf/MaterialInstances/MI_Unlit_Mask.uexp" 641
"../../../Engine/Plugins/Interchange/Assets/Content/gltf/MaterialInstances/MI_Unlit_Mask_DS.uasset" 642
"../../../Engine/Plugins/Interchange/Assets/Content/gltf/MaterialInstances/MI_Unlit_Mask_DS.uexp" 643
"../../../Engine/Plugins/Interchange/Assets/Content/gltf/MaterialInstances/MI_Unlit_Opaque.uasset" 644
"../../../Engine/Plugins/Interchange/Assets/Content/gltf/MaterialInstances/MI_Unlit_Opaque.uexp" 645
"../../../Engine/Plugins/Interchange/Assets/Content/gltf/MaterialInstances/MI_Unlit_Opaque_DS.uasset" 646
"../../../Engine/Plugins/Interchange/Assets/Content/gltf/MaterialInstances/MI_Unlit_Opaque_DS.uexp" 647
"../../../Engine/Plugins/Animation/ControlRig/Content/Controls/ControlRig_Arrow2_1mm.ubulk" 648
"../../../Engine/Plugins/Animation/ControlRig/Content/Controls/ControlRig_Arrow2_1mm.uasset" 649
"../../../Engine/Plugins/Animation/ControlRig/Content/Controls/ControlRig_Arrow2_1mm.uexp" 650
"../../../Engine/Plugins/Animation/ControlRig/Content/Controls/ControlRig_Arrow2_3mm.ubulk" 651
"../../../Engine/Plugins/Animation/ControlRig/Content/Controls/ControlRig_Arrow2_3mm.uasset" 652
"../../../Engine/Plugins/Animation/ControlRig/Content/Controls/ControlRig_Arrow2_3mm.uexp" 653
"../../../Engine/Plugins/Animation/ControlRig/Content/Controls/ControlRig_Arrow2_solid.ubulk" 654
"../../../Engine/Plugins/Animation/ControlRig/Content/Controls/ControlRig_Arrow2_solid.uasset" 655
"../../../Engine/Plugins/Animation/ControlRig/Content/Controls/ControlRig_Arrow2_solid.uexp" 656
"../../../Engine/Plugins/Animation/ControlRig/Content/Controls/ControlRig_Arrow4_1mm.ubulk" 657
"../../../Engine/Plugins/Animation/ControlRig/Content/Controls/ControlRig_Arrow4_1mm.uasset" 658
"../../../Engine/Plugins/Animation/ControlRig/Content/Controls/ControlRig_Arrow4_1mm.uexp" 659
"../../../Engine/Plugins/Animation/ControlRig/Content/Controls/ControlRig_Arrow4_3mm.ubulk" 660
"../../../Engine/Plugins/Animation/ControlRig/Content/Controls/ControlRig_Arrow4_3mm.uasset" 661
"../../../Engine/Plugins/Animation/ControlRig/Content/Controls/ControlRig_Arrow4_3mm.uexp" 662
"../../../Engine/Plugins/Animation/ControlRig/Content/Controls/ControlRig_Arrow4_solid.ubulk" 663
"../../../Engine/Plugins/Animation/ControlRig/Content/Controls/ControlRig_Arrow4_solid.uasset" 664
"../../../Engine/Plugins/Animation/ControlRig/Content/Controls/ControlRig_Arrow4_solid.uexp" 665
"../../../Engine/Plugins/Animation/ControlRig/Content/Controls/ControlRig_Arrow_1mm.ubulk" 666
"../../../Engine/Plugins/Animation/ControlRig/Content/Controls/ControlRig_Arrow_1mm.uasset" 667
"../../../Engine/Plugins/Animation/ControlRig/Content/Controls/ControlRig_Arrow_1mm.uexp" 668
"../../../Engine/Plugins/Animation/ControlRig/Content/Controls/ControlRig_Arrow_3mm.ubulk" 669
"../../../Engine/Plugins/Animation/ControlRig/Content/Controls/ControlRig_Arrow_3mm.uasset" 670
"../../../Engine/Plugins/Animation/ControlRig/Content/Controls/ControlRig_Arrow_3mm.uexp" 671
"../../../Engine/Plugins/Animation/ControlRig/Content/Controls/ControlRig_Arrow_solid.ubulk" 672
"../../../Engine/Plugins/Animation/ControlRig/Content/Controls/ControlRig_Arrow_solid.uasset" 673
"../../../Engine/Plugins/Animation/ControlRig/Content/Controls/ControlRig_Arrow_solid.uexp" 674
"../../../Engine/Plugins/Animation/ControlRig/Content/Controls/ControlRig_Box_1mm.ubulk" 675
"../../../Engine/Plugins/Animation/ControlRig/Content/Controls/ControlRig_Box_1mm.uasset" 676
"../../../Engine/Plugins/Animation/ControlRig/Content/Controls/ControlRig_Box_1mm.uexp" 677
"../../../Engine/Plugins/Animation/ControlRig/Content/Controls/ControlRig_Box_3mm.ubulk" 678
"../../../Engine/Plugins/Animation/ControlRig/Content/Controls/ControlRig_Box_3mm.uasset" 679
"../../../Engine/Plugins/Animation/ControlRig/Content/Controls/ControlRig_Box_3mm.uexp" 680
"../../../Engine/Plugins/Animation/ControlRig/Content/Controls/ControlRig_Box_solid.ubulk" 681
"../../../Engine/Plugins/Animation/ControlRig/Content/Controls/ControlRig_Box_solid.uasset" 682
"../../../Engine/Plugins/Animation/ControlRig/Content/Controls/ControlRig_Box_solid.uexp" 683
"../../../Engine/Plugins/Animation/ControlRig/Content/Controls/ControlRig_Circle_1mm.ubulk" 684
"../../../Engine/Plugins/Animation/ControlRig/Content/Controls/ControlRig_Circle_1mm.uasset" 685
"../../../Engine/Plugins/Animation/ControlRig/Content/Controls/ControlRig_Circle_1mm.uexp" 686
"../../../Engine/Plugins/Animation/ControlRig/Content/Controls/ControlRig_Circle_3mm.ubulk" 687
"../../../Engine/Plugins/Animation/ControlRig/Content/Controls/ControlRig_Circle_3mm.uasset" 688
"../../../Engine/Plugins/Animation/ControlRig/Content/Controls/ControlRig_Circle_3mm.uexp" 689
"../../../Engine/Plugins/Animation/ControlRig/Content/Controls/ControlRig_Circle_solid.ubulk" 690
"../../../Engine/Plugins/Animation/ControlRig/Content/Controls/ControlRig_Circle_solid.uasset" 691
"../../../Engine/Plugins/Animation/ControlRig/Content/Controls/ControlRig_Circle_solid.uexp" 692
"../../../Engine/Plugins/Animation/ControlRig/Content/Controls/ControlRig_Diamond_1mm.ubulk" 693
"../../../Engine/Plugins/Animation/ControlRig/Content/Controls/ControlRig_Diamond_1mm.uasset" 694
"../../../Engine/Plugins/Animation/ControlRig/Content/Controls/ControlRig_Diamond_1mm.uexp" 695
"../../../Engine/Plugins/Animation/ControlRig/Content/Controls/ControlRig_Diamond_3mm.ubulk" 696
"../../../Engine/Plugins/Animation/ControlRig/Content/Controls/ControlRig_Diamond_3mm.uasset" 697
"../../../Engine/Plugins/Animation/ControlRig/Content/Controls/ControlRig_Diamond_3mm.uexp" 698
"../../../Engine/Plugins/Animation/ControlRig/Content/Controls/ControlRig_Diamond_solid.ubulk" 699
"../../../Engine/Plugins/Animation/ControlRig/Content/Controls/ControlRig_Diamond_solid.uasset" 700
"../../../Engine/Plugins/Animation/ControlRig/Content/Controls/ControlRig_Diamond_solid.uexp" 701
"../../../Engine/Plugins/Animation/ControlRig/Content/Controls/ControlRig_HalfCircle_1mm.ubulk" 702
"../../../Engine/Plugins/Animation/ControlRig/Content/Controls/ControlRig_HalfCircle_1mm.uasset" 703
"../../../Engine/Plugins/Animation/ControlRig/Content/Controls/ControlRig_HalfCircle_1mm.uexp" 704
"../../../Engine/Plugins/Animation/ControlRig/Content/Controls/ControlRig_HalfCircle_3mm.ubulk" 705
"../../../Engine/Plugins/Animation/ControlRig/Content/Controls/ControlRig_HalfCircle_3mm.uasset" 706
"../../../Engine/Plugins/Animation/ControlRig/Content/Controls/ControlRig_HalfCircle_3mm.uexp" 707
"../../../Engine/Plugins/Animation/ControlRig/Content/Controls/ControlRig_HalfCircle_solid.ubulk" 708
"../../../Engine/Plugins/Animation/ControlRig/Content/Controls/ControlRig_HalfCircle_solid.uasset" 709
"../../../Engine/Plugins/Animation/ControlRig/Content/Controls/ControlRig_HalfCircle_solid.uexp" 710
"../../../Engine/Plugins/Animation/ControlRig/Content/Controls/ControlRig_Hexagon_1mm.ubulk" 711
"../../../Engine/Plugins/Animation/ControlRig/Content/Controls/ControlRig_Hexagon_1mm.uasset" 712
"../../../Engine/Plugins/Animation/ControlRig/Content/Controls/ControlRig_Hexagon_1mm.uexp" 713
"../../../Engine/Plugins/Animation/ControlRig/Content/Controls/ControlRig_Hexagon_3mm.ubulk" 714
"../../../Engine/Plugins/Animation/ControlRig/Content/Controls/ControlRig_Hexagon_3mm.uasset" 715
"../../../Engine/Plugins/Animation/ControlRig/Content/Controls/ControlRig_Hexagon_3mm.uexp" 716
"../../../Engine/Plugins/Animation/ControlRig/Content/Controls/ControlRig_Hexagon_solid.ubulk" 717
"../../../Engine/Plugins/Animation/ControlRig/Content/Controls/ControlRig_Hexagon_solid.uasset" 718
"../../../Engine/Plugins/Animation/ControlRig/Content/Controls/ControlRig_Hexagon_solid.uexp" 719
"../../../Engine/Plugins/Animation/ControlRig/Content/Controls/ControlRig_Octagon_1mm.ubulk" 720
"../../../Engine/Plugins/Animation/ControlRig/Content/Controls/ControlRig_Octagon_1mm.uasset" 721
"../../../Engine/Plugins/Animation/ControlRig/Content/Controls/ControlRig_Octagon_1mm.uexp" 722
"../../../Engine/Plugins/Animation/ControlRig/Content/Controls/ControlRig_Octagon_3mm.ubulk" 723
"../../../Engine/Plugins/Animation/ControlRig/Content/Controls/ControlRig_Octagon_3mm.uasset" 724
"../../../Engine/Plugins/Animation/ControlRig/Content/Controls/ControlRig_Octagon_3mm.uexp" 725
"../../../Engine/Plugins/Animation/ControlRig/Content/Controls/ControlRig_Octagon_solid.ubulk" 726
"../../../Engine/Plugins/Animation/ControlRig/Content/Controls/ControlRig_Octagon_solid.uasset" 727
"../../../Engine/Plugins/Animation/ControlRig/Content/Controls/ControlRig_Octagon_solid.uexp" 728
"../../../Engine/Plugins/Animation/ControlRig/Content/Controls/ControlRig_Pyramid_1mm.ubulk" 729
"../../../Engine/Plugins/Animation/ControlRig/Content/Controls/ControlRig_Pyramid_1mm.uasset" 730
"../../../Engine/Plugins/Animation/ControlRig/Content/Controls/ControlRig_Pyramid_1mm.uexp" 731
"../../../Engine/Plugins/Animation/ControlRig/Content/Controls/ControlRig_Pyramid_3mm.ubulk" 732
"../../../Engine/Plugins/Animation/ControlRig/Content/Controls/ControlRig_Pyramid_3mm.uasset" 733
"../../../Engine/Plugins/Animation/ControlRig/Content/Controls/ControlRig_Pyramid_3mm.uexp" 734
"../../../Engine/Plugins/Animation/ControlRig/Content/Controls/ControlRig_Pyramid_solid.ubulk" 735
"../../../Engine/Plugins/Animation/ControlRig/Content/Controls/ControlRig_Pyramid_solid.uasset" 736
"../../../Engine/Plugins/Animation/ControlRig/Content/Controls/ControlRig_Pyramid_solid.uexp" 737
"../../../Engine/Plugins/Animation/ControlRig/Content/Controls/ControlRig_QuarterCircle_1mm.ubulk" 738
"../../../Engine/Plugins/Animation/ControlRig/Content/Controls/ControlRig_QuarterCircle_1mm.uasset" 739
"../../../Engine/Plugins/Animation/ControlRig/Content/Controls/ControlRig_QuarterCircle_1mm.uexp" 740
"../../../Engine/Plugins/Animation/ControlRig/Content/Controls/ControlRig_QuarterCircle_3mm.ubulk" 741
"../../../Engine/Plugins/Animation/ControlRig/Content/Controls/ControlRig_QuarterCircle_3mm.uasset" 742
"../../../Engine/Plugins/Animation/ControlRig/Content/Controls/ControlRig_QuarterCircle_3mm.uexp" 743
"../../../Engine/Plugins/Animation/ControlRig/Content/Controls/ControlRig_QuarterCircle_solid.ubulk" 744
"../../../Engine/Plugins/Animation/ControlRig/Content/Controls/ControlRig_QuarterCircle_solid.uasset" 745
"../../../Engine/Plugins/Animation/ControlRig/Content/Controls/ControlRig_QuarterCircle_solid.uexp" 746
"../../../Engine/Plugins/Animation/ControlRig/Content/Controls/ControlRig_RoundedSquare_1mm.ubulk" 747
"../../../Engine/Plugins/Animation/ControlRig/Content/Controls/ControlRig_RoundedSquare_1mm.uasset" 748
"../../../Engine/Plugins/Animation/ControlRig/Content/Controls/ControlRig_RoundedSquare_1mm.uexp" 749
"../../../Engine/Plugins/Animation/ControlRig/Content/Controls/ControlRig_RoundedSquare_3mm.ubulk" 750
"../../../Engine/Plugins/Animation/ControlRig/Content/Controls/ControlRig_RoundedSquare_3mm.uasset" 751
"../../../Engine/Plugins/Animation/ControlRig/Content/Controls/ControlRig_RoundedSquare_3mm.uexp" 752
"../../../Engine/Plugins/Animation/ControlRig/Content/Controls/ControlRig_RoundedSquare_solid.ubulk" 753
"../../../Engine/Plugins/Animation/ControlRig/Content/Controls/ControlRig_RoundedSquare_solid.uasset" 754
"../../../Engine/Plugins/Animation/ControlRig/Content/Controls/ControlRig_RoundedSquare_solid.uexp" 755
"../../../Engine/Plugins/Animation/ControlRig/Content/Controls/ControlRig_RoundedTriangle_1mm.ubulk" 756
"../../../Engine/Plugins/Animation/ControlRig/Content/Controls/ControlRig_RoundedTriangle_1mm.uasset" 757
"../../../Engine/Plugins/Animation/ControlRig/Content/Controls/ControlRig_RoundedTriangle_1mm.uexp" 758
"../../../Engine/Plugins/Animation/ControlRig/Content/Controls/ControlRig_RoundedTriangle_3mm.ubulk" 759
"../../../Engine/Plugins/Animation/ControlRig/Content/Controls/ControlRig_RoundedTriangle_3mm.uasset" 760
"../../../Engine/Plugins/Animation/ControlRig/Content/Controls/ControlRig_RoundedTriangle_3mm.uexp" 761
"../../../Engine/Plugins/Animation/ControlRig/Content/Controls/ControlRig_RoundedTriangle_solid.ubulk" 762
"../../../Engine/Plugins/Animation/ControlRig/Content/Controls/ControlRig_RoundedTriangle_solid.uasset" 763
"../../../Engine/Plugins/Animation/ControlRig/Content/Controls/ControlRig_RoundedTriangle_solid.uexp" 764
"../../../Engine/Plugins/Animation/ControlRig/Content/Controls/ControlRig_Sphere_1mm.ubulk" 765
"../../../Engine/Plugins/Animation/ControlRig/Content/Controls/ControlRig_Sphere_1mm.uasset" 766
"../../../Engine/Plugins/Animation/ControlRig/Content/Controls/ControlRig_Sphere_1mm.uexp" 767
"../../../Engine/Plugins/Animation/ControlRig/Content/Controls/ControlRig_Sphere_3mm.ubulk" 768
"../../../Engine/Plugins/Animation/ControlRig/Content/Controls/ControlRig_Sphere_3mm.uasset" 769
"../../../Engine/Plugins/Animation/ControlRig/Content/Controls/ControlRig_Sphere_3mm.uexp" 770
"../../../Engine/Plugins/Animation/ControlRig/Content/Controls/ControlRig_Sphere_solid.ubulk" 771
"../../../Engine/Plugins/Animation/ControlRig/Content/Controls/ControlRig_Sphere_solid.uasset" 772
"../../../Engine/Plugins/Animation/ControlRig/Content/Controls/ControlRig_Sphere_solid.uexp" 773
"../../../Engine/Plugins/Animation/ControlRig/Content/Controls/ControlRig_Square_1mm.ubulk" 774
"../../../Engine/Plugins/Animation/ControlRig/Content/Controls/ControlRig_Square_1mm.uasset" 775
"../../../Engine/Plugins/Animation/ControlRig/Content/Controls/ControlRig_Square_1mm.uexp" 776
"../../../Engine/Plugins/Animation/ControlRig/Content/Controls/ControlRig_Square_3mm.ubulk" 777
"../../../Engine/Plugins/Animation/ControlRig/Content/Controls/ControlRig_Square_3mm.uasset" 778
"../../../Engine/Plugins/Animation/ControlRig/Content/Controls/ControlRig_Square_3mm.uexp" 779
"../../../Engine/Plugins/Animation/ControlRig/Content/Controls/ControlRig_Square_solid.ubulk" 780
"../../../Engine/Plugins/Animation/ControlRig/Content/Controls/ControlRig_Square_solid.uasset" 781
"../../../Engine/Plugins/Animation/ControlRig/Content/Controls/ControlRig_Square_solid.uexp" 782
"../../../Engine/Plugins/Animation/ControlRig/Content/Controls/ControlRig_Star4_1mm.ubulk" 783
"../../../Engine/Plugins/Animation/ControlRig/Content/Controls/ControlRig_Star4_1mm.uasset" 784
"../../../Engine/Plugins/Animation/ControlRig/Content/Controls/ControlRig_Star4_1mm.uexp" 785
"../../../Engine/Plugins/Animation/ControlRig/Content/Controls/ControlRig_Star4_3mm.ubulk" 786
"../../../Engine/Plugins/Animation/ControlRig/Content/Controls/ControlRig_Star4_3mm.uasset" 787
"../../../Engine/Plugins/Animation/ControlRig/Content/Controls/ControlRig_Star4_3mm.uexp" 788
"../../../Engine/Plugins/Animation/ControlRig/Content/Controls/ControlRig_Star4_solid.ubulk" 789
"../../../Engine/Plugins/Animation/ControlRig/Content/Controls/ControlRig_Star4_solid.uasset" 790
"../../../Engine/Plugins/Animation/ControlRig/Content/Controls/ControlRig_Star4_solid.uexp" 791
"../../../Engine/Plugins/Animation/ControlRig/Content/Controls/ControlRig_Triangle_1mm.ubulk" 792
"../../../Engine/Plugins/Animation/ControlRig/Content/Controls/ControlRig_Triangle_1mm.uasset" 793
"../../../Engine/Plugins/Animation/ControlRig/Content/Controls/ControlRig_Triangle_1mm.uexp" 794
"../../../Engine/Plugins/Animation/ControlRig/Content/Controls/ControlRig_Triangle_3mm.ubulk" 795
"../../../Engine/Plugins/Animation/ControlRig/Content/Controls/ControlRig_Triangle_3mm.uasset" 796
"../../../Engine/Plugins/Animation/ControlRig/Content/Controls/ControlRig_Triangle_3mm.uexp" 797
"../../../Engine/Plugins/Animation/ControlRig/Content/Controls/ControlRig_Triangle_solid.ubulk" 798
"../../../Engine/Plugins/Animation/ControlRig/Content/Controls/ControlRig_Triangle_solid.uasset" 799
"../../../Engine/Plugins/Animation/ControlRig/Content/Controls/ControlRig_Triangle_solid.uexp" 800
"../../../Engine/Plugins/Animation/ControlRig/Content/Controls/ControlRig_Wedge_1mm.ubulk" 801
"../../../Engine/Plugins/Animation/ControlRig/Content/Controls/ControlRig_Wedge_1mm.uasset" 802
"../../../Engine/Plugins/Animation/ControlRig/Content/Controls/ControlRig_Wedge_1mm.uexp" 803
"../../../Engine/Plugins/Animation/ControlRig/Content/Controls/ControlRig_Wedge_3mm.ubulk" 804
"../../../Engine/Plugins/Animation/ControlRig/Content/Controls/ControlRig_Wedge_3mm.uasset" 805
"../../../Engine/Plugins/Animation/ControlRig/Content/Controls/ControlRig_Wedge_3mm.uexp" 806
"../../../Engine/Plugins/Animation/ControlRig/Content/Controls/ControlRig_Wedge_solid.ubulk" 807
"../../../Engine/Plugins/Animation/ControlRig/Content/Controls/ControlRig_Wedge_solid.uasset" 808
"../../../Engine/Plugins/Animation/ControlRig/Content/Controls/ControlRig_Wedge_solid.uexp" 809
"../../../Engine/Plugins/Media/MediaPlate/Content/SM_MediaPlateScreen.ubulk" 810
"../../../Engine/Plugins/Media/MediaPlate/Content/SM_MediaPlateScreen.uasset" 811
"../../../Engine/Plugins/Media/MediaPlate/Content/SM_MediaPlateScreen.uexp" 812
"../../../Engine/Plugins/NNE/NNEDenoiser/Content/NNEDIM_ColorAlbedoNormal_Alpha.uasset" 813
"../../../Engine/Plugins/NNE/NNEDenoiser/Content/NNEDIM_ColorAlbedoNormal_Alpha.uexp" 814
"../../../Engine/Plugins/NNE/NNEDenoiser/Content/NNEDIM_ColorAlbedoNormal_Default.uasset" 815
"../../../Engine/Plugins/NNE/NNEDenoiser/Content/NNEDIM_ColorAlbedoNormal_Default.uexp" 816
"../../../Engine/Plugins/NNE/NNEDenoiser/Content/NNEDIM_HighQuality_Alpha.uasset" 817
"../../../Engine/Plugins/NNE/NNEDenoiser/Content/NNEDIM_HighQuality_Alpha.uexp" 818
"../../../Engine/Plugins/NNE/NNEDenoiser/Content/NNEDIM_HighQuality_Default.uasset" 819
"../../../Engine/Plugins/NNE/NNEDenoiser/Content/NNEDIM_HighQuality_Default.uexp" 820
"../../../Engine/Plugins/NNE/NNEDenoiser/Content/NNEDOM_Output_Alpha.uasset" 821
"../../../Engine/Plugins/NNE/NNEDenoiser/Content/NNEDOM_Output_Alpha.uexp" 822
"../../../Engine/Plugins/NNE/NNEDenoiser/Content/NNEDOM_Output_Default.uasset" 823
"../../../Engine/Plugins/NNE/NNEDenoiser/Content/NNEDOM_Output_Default.uexp" 824
"../../../Engine/Plugins/NNE/NNEDenoiser/Content/NNEDTIM_ColorAlbedoNormal_Alpha.uasset" 825
"../../../Engine/Plugins/NNE/NNEDenoiser/Content/NNEDTIM_ColorAlbedoNormal_Alpha.uexp" 826
"../../../Engine/Plugins/NNE/NNEDenoiser/Content/NNEDTIM_ColorAlbedoNormal_Default.uasset" 827
"../../../Engine/Plugins/NNE/NNEDenoiser/Content/NNEDTIM_ColorAlbedoNormal_Default.uexp" 828
"../../../Engine/Plugins/NNE/NNEDenoiser/Content/NNEDTOM_Output_Alpha.uasset" 829
"../../../Engine/Plugins/NNE/NNEDenoiser/Content/NNEDTOM_Output_Alpha.uexp" 830
"../../../Engine/Plugins/NNE/NNEDenoiser/Content/NNEDTOM_Output_Default.uasset" 831
"../../../Engine/Plugins/NNE/NNEDenoiser/Content/NNEDTOM_Output_Default.uexp" 832
"../../../Engine/Content/Functions/Engine_MaterialFunctions02/Texturing/CustomRotator.uasset" 833
"../../../Engine/Content/Functions/Engine_MaterialFunctions02/Texturing/CustomRotator.uexp" 834
"../../../Engine/Content/Functions/Engine_MaterialFunctions01/Texturing/ScaleUVsByCenter.uasset" 835
"../../../Engine/Content/Functions/Engine_MaterialFunctions01/Texturing/ScaleUVsByCenter.uexp" 836
"../../../Engine/Content/Functions/Engine_MaterialFunctions01/Gradient/GeneratedRoundRect.uasset" 837
"../../../Engine/Content/Functions/Engine_MaterialFunctions01/Gradient/GeneratedRoundRect.uexp" 838
"../../../Engine/Content/Functions/Engine_MaterialFunctions01/Gradient/SphereGradient-2D.uasset" 839
"../../../Engine/Content/Functions/Engine_MaterialFunctions01/Gradient/SphereGradient-2D.uexp" 840
"../../../Engine/Plugins/Runtime/AudioWidgets/Content/AudioMaterialSlate/Functions/MF_DotOutlined.uasset" 841
"../../../Engine/Plugins/Runtime/AudioWidgets/Content/AudioMaterialSlate/Functions/MF_DotOutlined.uexp" 842
"../../../Engine/Plugins/Runtime/AudioWidgets/Content/AudioMaterialSlate/M_AudioMaterialEnvelope_ADSR.uasset" 843
"../../../Engine/Plugins/Runtime/AudioWidgets/Content/AudioMaterialSlate/M_AudioMaterialEnvelope_ADSR.uexp" 844
"../../../Engine/Plugins/Runtime/AudioWidgets/Content/AudioMaterialSlate/MI_AudioMaterialEnvelope_ADSR.uasset" 845
"../../../Engine/Plugins/Runtime/AudioWidgets/Content/AudioMaterialSlate/MI_AudioMaterialEnvelope_ADSR.uexp" 846
"../../../Engine/Plugins/Runtime/AudioWidgets/Content/AudioMaterialSlate/Functions/MF_SingleLine_Smooth.uasset" 847
"../../../Engine/Plugins/Runtime/AudioWidgets/Content/AudioMaterialSlate/Functions/MF_SingleLine_Smooth.uexp" 848
"../../../Engine/Plugins/Runtime/AudioWidgets/Content/AudioMaterialSlate/Functions/MF_AngleGradient.uasset" 849
"../../../Engine/Plugins/Runtime/AudioWidgets/Content/AudioMaterialSlate/Functions/MF_AngleGradient.uexp" 850
"../../../Engine/Content/Functions/Engine_MaterialFunctions02/Lerp_3Color.uasset" 851
"../../../Engine/Content/Functions/Engine_MaterialFunctions02/Lerp_3Color.uexp" 852
"../../../Engine/Plugins/Runtime/AudioWidgets/Content/AudioMaterialSlate/M_AudioMaterialKnob.uasset" 853
"../../../Engine/Plugins/Runtime/AudioWidgets/Content/AudioMaterialSlate/M_AudioMaterialKnob.uexp" 854
"../../../Engine/Plugins/Runtime/AudioWidgets/Content/AudioMaterialSlate/MI_AudioMaterialKnob.uasset" 855
"../../../Engine/Plugins/Runtime/AudioWidgets/Content/AudioMaterialSlate/MI_AudioMaterialKnob.uexp" 856
"../../../Engine/Plugins/Runtime/AudioWidgets/Content/AudioMaterialSlate/Functions/MF_Lines.uasset" 857
"../../../Engine/Plugins/Runtime/AudioWidgets/Content/AudioMaterialSlate/Functions/MF_Lines.uexp" 858
"../../../Engine/Plugins/Runtime/AudioWidgets/Content/AudioMaterialSlate/M_AudioMaterialMeter.uasset" 859
"../../../Engine/Plugins/Runtime/AudioWidgets/Content/AudioMaterialSlate/M_AudioMaterialMeter.uexp" 860
"../../../Engine/Plugins/Runtime/AudioWidgets/Content/AudioMaterialSlate/MI_AudioMaterialMeter.uasset" 861
"../../../Engine/Plugins/Runtime/AudioWidgets/Content/AudioMaterialSlate/MI_AudioMaterialMeter.uexp" 862
"../../../Engine/Plugins/Runtime/AudioWidgets/Content/AudioMaterialSlate/M_AudioMaterialRoundedSlider.uasset" 863
"../../../Engine/Plugins/Runtime/AudioWidgets/Content/AudioMaterialSlate/M_AudioMaterialRoundedSlider.uexp" 864
"../../../Engine/Plugins/Runtime/AudioWidgets/Content/AudioMaterialSlate/MI_AudioMaterialRoundedSlider.uasset" 865
"../../../Engine/Plugins/Runtime/AudioWidgets/Content/AudioMaterialSlate/MI_AudioMaterialRoundedSlider.uexp" 866
"../../../Engine/Plugins/Runtime/AudioWidgets/Content/AudioMaterialSlate/Functions/MF_SingleLine.uasset" 867
"../../../Engine/Plugins/Runtime/AudioWidgets/Content/AudioMaterialSlate/Functions/MF_SingleLine.uexp" 868
"../../../Engine/Plugins/Runtime/AudioWidgets/Content/AudioMaterialSlate/M_AudioMaterialToggleButton.uasset" 869
"../../../Engine/Plugins/Runtime/AudioWidgets/Content/AudioMaterialSlate/M_AudioMaterialToggleButton.uexp" 870
"../../../Engine/Plugins/Runtime/AudioWidgets/Content/AudioMaterialSlate/MI_AudioMaterialToggleButton.uasset" 871
"../../../Engine/Plugins/Runtime/AudioWidgets/Content/AudioMaterialSlate/MI_AudioMaterialToggleButton.uexp" 872
"../../../Engine/Content/EngineResources/LandscapeVisibilityLayerInfo.uasset" 873
"../../../Engine/Content/EngineResources/LandscapeVisibilityLayerInfo.uexp" 874
"../../../Engine/Content/VREditor/TransformGizmo/StartRotationHandleIndicator.ubulk" 875
"../../../Engine/Content/VREditor/TransformGizmo/StartRotationHandleIndicator.uasset" 876
"../../../Engine/Content/VREditor/TransformGizmo/StartRotationHandleIndicator.uexp" 877
"../../../Engine/Content/VREditor/Sounds/UI/Drop_Item_From_ContentBrowser.ubulk" 878
"../../../Engine/Content/VREditor/Sounds/UI/Drop_Item_From_ContentBrowser.uasset" 879
"../../../Engine/Content/VREditor/Sounds/UI/Drop_Item_From_ContentBrowser.uexp" 880
"../../../Engine/Content/VREditor/TransformGizmo/PlaneTranslationHandle.ubulk" 881
"../../../Engine/Content/VREditor/TransformGizmo/PlaneTranslationHandle.uasset" 882
"../../../Engine/Content/VREditor/TransformGizmo/PlaneTranslationHandle.uexp" 883
"../../../Engine/Content/VREditor/Sounds/UI/Object_Snaps_To_Grid.ubulk" 884
"../../../Engine/Content/VREditor/Sounds/UI/Object_Snaps_To_Grid.uasset" 885
"../../../Engine/Content/VREditor/Sounds/UI/Object_Snaps_To_Grid.uexp" 886
"../../../Engine/Content/VREditor/Sounds/UI/Selection_Changes.ubulk" 887
"../../../Engine/Content/VREditor/Sounds/UI/Selection_Changes.uasset" 888
"../../../Engine/Content/VREditor/Sounds/UI/Selection_Changes.uexp" 889
"../../../Engine/Content/VREditor/Sounds/UI/Object_Snaps_To_Another_Actor.ubulk" 890
"../../../Engine/Content/VREditor/Sounds/UI/Object_Snaps_To_Another_Actor.uasset" 891
"../../../Engine/Content/VREditor/Sounds/UI/Object_Snaps_To_Another_Actor.uexp" 892
"../../../Engine/Content/VREditor/TransformGizmo/TranslucentTransformGizmoMaterial_Inst.uasset" 893
"../../../Engine/Content/VREditor/TransformGizmo/TranslucentTransformGizmoMaterial_Inst.uexp" 894
"../../../Engine/Content/VREditor/TransformGizmo/TransformGizmoFreeRotation.ubulk" 895
"../../../Engine/Content/VREditor/TransformGizmo/TransformGizmoFreeRotation.uasset" 896
"../../../Engine/Content/VREditor/TransformGizmo/TransformGizmoFreeRotation.uexp" 897
"../../../Engine/Content/VREditor/Sounds/UI/Scaling_Down.ubulk" 898
"../../../Engine/Content/VREditor/Sounds/UI/Scaling_Down.uasset" 899
"../../../Engine/Content/VREditor/Sounds/UI/Scaling_Down.uexp" 900
"../../../Engine/Content/Functions/Engine_MaterialFunctions02/SplitComponents.uasset" 901
"../../../Engine/Content/Functions/Engine_MaterialFunctions02/SplitComponents.uexp" 902
"../../../Engine/Content/VREditor/SnapGrid/SnapGridMaterial.uasset" 903
"../../../Engine/Content/VREditor/SnapGrid/SnapGridMaterial.uexp" 904
"../../../Engine/Content/VREditor/SnapGrid/SnapGridPlaneMesh.ubulk" 905
"../../../Engine/Content/VREditor/SnapGrid/SnapGridPlaneMesh.uasset" 906
"../../../Engine/Content/VREditor/SnapGrid/SnapGridPlaneMesh.uexp" 907
"../../../Engine/Content/VREditor/Sounds/UI/Scaling_Up.ubulk" 908
"../../../Engine/Content/VREditor/Sounds/UI/Scaling_Up.uasset" 909
"../../../Engine/Content/VREditor/Sounds/UI/Scaling_Up.uexp" 910
"../../../Engine/Content/VREditor/TransformGizmo/TransformGizmoMaterial_Inst.uasset" 911
"../../../Engine/Content/VREditor/TransformGizmo/TransformGizmoMaterial_Inst.uexp" 912
"../../../Engine/Content/VREditor/Sounds/UI/Gizmo_Handle_Clicked.ubulk" 913
"../../../Engine/Content/VREditor/Sounds/UI/Gizmo_Handle_Clicked.uasset" 914
"../../../Engine/Content/VREditor/Sounds/UI/Gizmo_Handle_Clicked.uexp" 915
"../../../Engine/Content/VREditor/TransformGizmo/RotationHandleQuarter.ubulk" 916
"../../../Engine/Content/VREditor/TransformGizmo/RotationHandleQuarter.uasset" 917
"../../../Engine/Content/VREditor/TransformGizmo/RotationHandleQuarter.uexp" 918
"../../../Engine/Content/VREditor/TransformGizmo/TranslateArrowHandle.ubulk" 919
"../../../Engine/Content/VREditor/TransformGizmo/TranslateArrowHandle.uasset" 920
"../../../Engine/Content/VREditor/TransformGizmo/TranslateArrowHandle.uexp" 921
"../../../Engine/Content/VREditor/TransformGizmo/RotationHandleIndicator.ubulk" 922
"../../../Engine/Content/VREditor/TransformGizmo/RotationHandleIndicator.uasset" 923
"../../../Engine/Content/VREditor/TransformGizmo/RotationHandleIndicator.uexp" 924
"../../../Engine/Content/VREditor/TransformGizmo/UniformScaleHandle.ubulk" 925
"../../../Engine/Content/VREditor/TransformGizmo/UniformScaleHandle.uasset" 926
"../../../Engine/Content/VREditor/TransformGizmo/UniformScaleHandle.uexp" 927
"../../../Engine/Content/VREditor/TransformGizmo/RotationHandleFull.ubulk" 928
"../../../Engine/Content/VREditor/TransformGizmo/RotationHandleFull.uasset" 929
"../../../Engine/Content/VREditor/TransformGizmo/RotationHandleFull.uexp" 930
"../../../Engine/Content/VREditor/Sounds/UI/Object_PickUp.ubulk" 931
"../../../Engine/Content/VREditor/Sounds/UI/Object_PickUp.uasset" 932
"../../../Engine/Content/VREditor/Sounds/UI/Object_PickUp.uexp" 933
"../../../Engine/Plugins/Animation/DeformerGraph/Content/DeformerFunctions/DG_Function_ComputeNormalsTangents.uasset" 934
"../../../Engine/Plugins/Animation/DeformerGraph/Content/DeformerFunctions/DG_Function_ComputeNormalsTangents.uexp" 935
"../../../Engine/Plugins/Animation/DeformerGraph/Content/DeformerFunctions/DG_Function_LinearBlendSkin_Morph_Cloth.uasset" 936
"../../../Engine/Plugins/Animation/DeformerGraph/Content/DeformerFunctions/DG_Function_LinearBlendSkin_Morph_Cloth.uexp" 937
"../../../Engine/Plugins/Animation/DeformerGraph/Content/DeformerFunctions/DG_Function_LinearBlendSkin_Morph_Cloth_PositionOnly.uasset" 938
"../../../Engine/Plugins/Animation/DeformerGraph/Content/DeformerFunctions/DG_Function_LinearBlendSkin_Morph_Cloth_PositionOnly.uexp" 939
"../../../Engine/Plugins/Animation/DeformerGraph/Content/Deformers/DG_LinearBlendSkin_Morph_Cloth.uasset" 940
"../../../Engine/Plugins/Animation/DeformerGraph/Content/Deformers/DG_LinearBlendSkin_Morph_Cloth.uexp" 941
"../../../Engine/Plugins/Animation/DeformerGraph/Content/Deformers/DG_LinearBlendSkin_Morph_Cloth_RecomputeNormals.uasset" 942
"../../../Engine/Plugins/Animation/DeformerGraph/Content/Deformers/DG_LinearBlendSkin_Morph_Cloth_RecomputeNormals.uexp" 943
"../../../Engine/Plugins/NNE/NNEDenoiser/Content/NNEDT_Oidn2-3_Balanced.uasset" 944
"../../../Engine/Plugins/NNE/NNEDenoiser/Content/NNEDT_Oidn2-3_Balanced.uexp" 945
"../../../Engine/Plugins/NNE/NNEDenoiser/Content/NNEDT_Oidn2-3_Balanced_Alpha.uasset" 946
"../../../Engine/Plugins/NNE/NNEDenoiser/Content/NNEDT_Oidn2-3_Balanced_Alpha.uexp" 947
"../../../Engine/Plugins/NNE/NNEDenoiser/Content/NNED_Oidn2-3_Balanced.uasset" 948
"../../../Engine/Plugins/NNE/NNEDenoiser/Content/NNED_Oidn2-3_Balanced.uexp" 949
"../../../Engine/Plugins/NNE/NNEDenoiser/Content/NNED_Oidn2-3_Balanced_Alpha.uasset" 950
"../../../Engine/Plugins/NNE/NNEDenoiser/Content/NNED_Oidn2-3_Balanced_Alpha.uexp" 951
"../../../Engine/Plugins/NNE/NNEDenoiser/Content/NNED_Oidn2-3_Fast.uasset" 952
"../../../Engine/Plugins/NNE/NNEDenoiser/Content/NNED_Oidn2-3_Fast.uexp" 953
"../../../Engine/Plugins/NNE/NNEDenoiser/Content/NNED_Oidn2-3_Fast_Alpha.uasset" 954
"../../../Engine/Plugins/NNE/NNEDenoiser/Content/NNED_Oidn2-3_Fast_Alpha.uexp" 955
"../../../Engine/Plugins/NNE/NNEDenoiser/Content/NNED_Oidn2-3_HighQuality.uasset" 956
"../../../Engine/Plugins/NNE/NNEDenoiser/Content/NNED_Oidn2-3_HighQuality.uexp" 957
"../../../Engine/Plugins/NNE/NNEDenoiser/Content/NNED_Oidn2-3_HighQuality_Alpha.uasset" 958
"../../../Engine/Plugins/NNE/NNEDenoiser/Content/NNED_Oidn2-3_HighQuality_Alpha.uexp" 959
"../../../Engine/Plugins/NNE/NNEDenoiser/Content/NNE_oidn2-3-0_rt_hdr_alb_nrm_small__dyn__fp16_opset11_DenoiseAlpha.uasset" 960
"../../../Engine/Plugins/NNE/NNEDenoiser/Content/NNE_oidn2-3-0_rt_hdr_alb_nrm_small__dyn__fp16_opset11_DenoiseAlpha.uexp" 961
"../../../Engine/Plugins/NNE/NNEDenoiser/Content/NNE_oidn2-3-0_rt_hdr_alb_nrm_small__dyn__fp16_opset11_ForwardAlpha.uasset" 962
"../../../Engine/Plugins/NNE/NNEDenoiser/Content/NNE_oidn2-3-0_rt_hdr_alb_nrm_small__dyn__fp16_opset11_ForwardAlpha.uexp" 963
"../../../Engine/Plugins/NNE/NNEDenoiser/Content/NNE_oidn2-3-0_rt_hdr_alb_nrm__dyn__fp16_opset11_DenoiseAlpha.uasset" 964
"../../../Engine/Plugins/NNE/NNEDenoiser/Content/NNE_oidn2-3-0_rt_hdr_alb_nrm__dyn__fp16_opset11_DenoiseAlpha.uexp" 965
"../../../Engine/Plugins/NNE/NNEDenoiser/Content/NNE_oidn2-3-0_rt_hdr_alb_nrm__dyn__fp16_opset11_ForwardAlpha.uasset" 966
"../../../Engine/Plugins/NNE/NNEDenoiser/Content/NNE_oidn2-3-0_rt_hdr_alb_nrm__dyn__fp16_opset11_ForwardAlpha.uexp" 967
"../../../Engine/Plugins/NNE/NNEDenoiser/Content/NNE_oidn2-3-0_rt_hdr_calb_cnrm_large__dyn__fp16_opset11_DenoiseAlpha.uasset" 968
"../../../Engine/Plugins/NNE/NNEDenoiser/Content/NNE_oidn2-3-0_rt_hdr_calb_cnrm_large__dyn__fp16_opset11_DenoiseAlpha.uexp" 969
"../../../Engine/Plugins/NNE/NNEDenoiser/Content/NNE_oidn2-3-0_rt_hdr_calb_cnrm_large__dyn__fp16_opset11_ForwardAlpha.uasset" 970
"../../../Engine/Plugins/NNE/NNEDenoiser/Content/NNE_oidn2-3-0_rt_hdr_calb_cnrm_large__dyn__fp16_opset11_ForwardAlpha.uexp" 971
"../../../Engine/Content/Maps/Entry_BuiltData.uasset" 972
"../../../Engine/Content/Maps/Entry_BuiltData.uexp" 973
"../../../Engine/Content/Maps/Entry.uexp" 974
"../../../Engine/Content/Maps/Entry.umap" 975
"D:/Projects/UE/CM40/Content/CM40/Blueprints/Common/Camera/AC_CameraAutoFit.uasset" 976
"D:/Projects/UE/CM40/Content/CM40/Blueprints/Common/Camera/AC_CameraAutoFit.uexp" 977
"D:/Projects/UE/CM40/Content/CM40/Blueprints/Common/Grid/F_GridCell.uasset" 978
"D:/Projects/UE/CM40/Content/CM40/Blueprints/Common/Grid/F_GridCell.uexp" 979
"D:/Projects/UE/CM40/Content/CM40/Blueprints/Common/Grid/E_GridDirection.uasset" 980
"D:/Projects/UE/CM40/Content/CM40/Blueprints/Common/Grid/E_GridDirection.uexp" 981
"D:/Projects/UE/CM40/Content/CM40/Blueprints/Common/Grid/AC_Grid.uasset" 982
"D:/Projects/UE/CM40/Content/CM40/Blueprints/Common/Grid/AC_Grid.uexp" 983
"D:/Projects/UE/CM40/Content/CM40/Blueprints/GameBoard/BP_GameBoardCamera2.uasset" 984
"D:/Projects/UE/CM40/Content/CM40/Blueprints/GameBoard/BP_GameBoardCamera2.uexp" 985
"../../../Engine/Content/EngineSky/T_Sky_Stars.ubulk" 986
"../../../Engine/Content/EngineSky/T_Sky_Stars.uasset" 987
"../../../Engine/Content/EngineSky/T_Sky_Stars.uexp" 988
"../../../Engine/Content/EngineSky/T_Sky_Clouds_M.ubulk" 989
"../../../Engine/Content/EngineSky/T_Sky_Clouds_M.uasset" 990
"../../../Engine/Content/EngineSky/T_Sky_Clouds_M.uexp" 991
"../../../Engine/Content/EngineSky/T_Sky_Blue.ubulk" 992
"../../../Engine/Content/EngineSky/T_Sky_Blue.uasset" 993
"../../../Engine/Content/EngineSky/T_Sky_Blue.uexp" 994
"../../../Engine/Content/EngineSky/M_Sky_Panning_Clouds2.uasset" 995
"../../../Engine/Content/EngineSky/M_Sky_Panning_Clouds2.uexp" 996
"../../../Engine/Content/EngineSky/SM_SkySphere.ubulk" 997
"../../../Engine/Content/EngineSky/SM_SkySphere.uasset" 998
"../../../Engine/Content/EngineSky/SM_SkySphere.uexp" 999
"../../../Engine/Plugins/Interchange/Assets/Content/Functions/MF_PhongToMetalRoughness.uasset" 1000
"../../../Engine/Plugins/Interchange/Assets/Content/Functions/MF_PhongToMetalRoughness.uexp" 1001
"D:/Projects/UE/CM40/Content/CM40/Props/BoardTile/M_BoardTile.uasset" 1002
"D:/Projects/UE/CM40/Content/CM40/Props/BoardTile/M_BoardTile.uexp" 1003
"D:/Projects/UE/CM40/Content/CM40/Props/BoardTile/SM_BoardTile.ubulk" 1004
"D:/Projects/UE/CM40/Content/CM40/Props/BoardTile/SM_BoardTile.uasset" 1005
"D:/Projects/UE/CM40/Content/CM40/Props/BoardTile/SM_BoardTile.uexp" 1006
"D:/Projects/UE/CM40/Content/CM40/Characters/CapsuleKun/SK_CapsuleKun_PhysicsAsset.uasset" 1007
"D:/Projects/UE/CM40/Content/CM40/Characters/CapsuleKun/SK_CapsuleKun_PhysicsAsset.uexp" 1008
"D:/Projects/UE/CM40/Content/CM40/Characters/CapsuleKun/SK_CapsuleKun_Skeleton.uasset" 1009
"D:/Projects/UE/CM40/Content/CM40/Characters/CapsuleKun/SK_CapsuleKun_Skeleton.uexp" 1010
"D:/Projects/UE/CM40/Content/CM40/Characters/CapsuleKun/M_CapsuleKun_Body.uasset" 1011
"D:/Projects/UE/CM40/Content/CM40/Characters/CapsuleKun/M_CapsuleKun_Body.uexp" 1012
"D:/Projects/UE/CM40/Content/CM40/Characters/CapsuleKun/M_CapsuleKun_Face.uasset" 1013
"D:/Projects/UE/CM40/Content/CM40/Characters/CapsuleKun/M_CapsuleKun_Face.uexp" 1014
"D:/Projects/UE/CM40/Content/CM40/Characters/CapsuleKun/SK_CapsuleKun.uasset" 1015
"D:/Projects/UE/CM40/Content/CM40/Characters/CapsuleKun/SK_CapsuleKun.uexp" 1016
"../../../Engine/Plugins/Animation/ACLPlugin/Content/ACLAnimBoneCompressionSettings.uasset" 1017
"../../../Engine/Plugins/Animation/ACLPlugin/Content/ACLAnimBoneCompressionSettings.uexp" 1018
"../../../Engine/Content/Animation/DefaultVariableFrameStrippingSettings.uasset" 1019
"../../../Engine/Content/Animation/DefaultVariableFrameStrippingSettings.uexp" 1020
"../../../Engine/Plugins/Animation/ACLPlugin/Content/ACLAnimCurveCompressionSettings.uasset" 1021
"../../../Engine/Plugins/Animation/ACLPlugin/Content/ACLAnimCurveCompressionSettings.uexp" 1022
"D:/Projects/UE/CM40/Content/CM40/Characters/CapsuleKun/SK_CapsuleKun_Anim_Armature_Walk_01.uasset" 1023
"D:/Projects/UE/CM40/Content/CM40/Characters/CapsuleKun/SK_CapsuleKun_Anim_Armature_Walk_01.uexp" 1024
"D:/Projects/UE/CM40/Content/CM40/Characters/CapsuleKun/SK_CapsuleKun_Anim_Armature_Idle_01.uasset" 1025
"D:/Projects/UE/CM40/Content/CM40/Characters/CapsuleKun/SK_CapsuleKun_Anim_Armature_Idle_01.uexp" 1026
"D:/Projects/UE/CM40/Content/CM40/Blueprints/Units2/E_UnitAnimState.uasset" 1027
"D:/Projects/UE/CM40/Content/CM40/Blueprints/Units2/E_UnitAnimState.uexp" 1028
"D:/Projects/UE/CM40/Content/CM40/Characters/CapsuleKun/ABP_CapsuleKun.uasset" 1029
"D:/Projects/UE/CM40/Content/CM40/Characters/CapsuleKun/ABP_CapsuleKun.uexp" 1030
"D:/Projects/UE/CM40/Content/CM40/Blueprints/Units2/BI_Activatable.uasset" 1031
"D:/Projects/UE/CM40/Content/CM40/Blueprints/Units2/BI_Activatable.uexp" 1032
"D:/Projects/UE/CM40/Content/CM40/Blueprints/Units2/BP_Unit2.uasset" 1033
"D:/Projects/UE/CM40/Content/CM40/Blueprints/Units2/BP_Unit2.uexp" 1034
"D:/Projects/UE/CM40/Content/CM40/Blueprints/GameBoard/BP_GameBoard2.uasset" 1035
"D:/Projects/UE/CM40/Content/CM40/Blueprints/GameBoard/BP_GameBoard2.uexp" 1036
"../../../Engine/Content/EngineSky/M_SimpleSkyDome.uasset" 1037
"../../../Engine/Content/EngineSky/M_SimpleSkyDome.uexp" 1038
"D:/Projects/UE/CM40/Content/CM40/Blueprints/Common/StateMachine/AC_StateMachine.uasset" 1039
"D:/Projects/UE/CM40/Content/CM40/Blueprints/Common/StateMachine/AC_StateMachine.uexp" 1040
"D:/Projects/UE/CM40/Content/CM40/Blueprints/Common/StateMachine/AC_State.uasset" 1041
"D:/Projects/UE/CM40/Content/CM40/Blueprints/Common/StateMachine/AC_State.uexp" 1042
"D:/Projects/UE/CM40/Content/CM40/Props/CapsuleKun/M_CapsuleKun_Body_Blue.uasset" 1043
"D:/Projects/UE/CM40/Content/CM40/Props/CapsuleKun/M_CapsuleKun_Body_Blue.uexp" 1044
"D:/Projects/UE/CM40/Content/CM40/Blueprints/Units2/BP_PlayerUnit2.uasset" 1045
"D:/Projects/UE/CM40/Content/CM40/Blueprints/Units2/BP_PlayerUnit2.uexp" 1046
"D:/Projects/UE/CM40/Content/CM40/Data/BP_GameSettings.uasset" 1047
"D:/Projects/UE/CM40/Content/CM40/Data/BP_GameSettings.uexp" 1048
"D:/Projects/UE/CM40/Content/CM40/Data/GameSettings.uasset" 1049
"D:/Projects/UE/CM40/Content/CM40/Data/GameSettings.uexp" 1050
"D:/Projects/UE/CM40/Content/CM40/Blueprints/Units2/BP_PlayerUnitController2.uasset" 1051
"D:/Projects/UE/CM40/Content/CM40/Blueprints/Units2/BP_PlayerUnitController2.uexp" 1052
"D:/Projects/UE/CM40/Content/CM40/Blueprints/GamePhase2/AC_State_GamePhase2.uasset" 1053
"D:/Projects/UE/CM40/Content/CM40/Blueprints/GamePhase2/AC_State_GamePhase2.uexp" 1054
"D:/Projects/UE/CM40/Content/CM40/Blueprints/GamePhase2/AC_State_GamePhase2_GameStart.uasset" 1055
"D:/Projects/UE/CM40/Content/CM40/Blueprints/GamePhase2/AC_State_GamePhase2_GameStart.uexp" 1056
"D:/Projects/UE/CM40/Content/CM40/Blueprints/GamePhase2/AC_StateMachine_GamePhase2.uasset" 1057
"D:/Projects/UE/CM40/Content/CM40/Blueprints/GamePhase2/AC_StateMachine_GamePhase2.uexp" 1058
"D:/Projects/UE/CM40/Content/CM40/Blueprints/GM_TestGame2.uasset" 1059
"D:/Projects/UE/CM40/Content/CM40/Blueprints/GM_TestGame2.uexp" 1060
"D:/Projects/UE/CM40/Content/CM40/Maps/TestMap2.uexp" 1061
"D:/Projects/UE/CM40/Content/CM40/Maps/TestMap2.umap" 1062
